Product: MDK-ARM Lite 5.10
Component: ARM Compiler 5.04 update 1 (build 49)
Tool: armlink [5040049]

==============================================================================

Section Cross References

    startup_stm32f10x_md.o(RESET) refers to startup_stm32f10x_md.o(STACK) for __initial_sp
    startup_stm32f10x_md.o(RESET) refers to startup_stm32f10x_md.o(.text) for Reset_Handler
    startup_stm32f10x_md.o(RESET) refers to stm32f10x_it.o(.text) for NMI_Handler
    startup_stm32f10x_md.o(RESET) refers to hal_key.o(.text) for TIM2_IRQHandler
    startup_stm32f10x_md.o(RESET) refers to gizwits_product.o(.text) for TIM3_IRQHandler
    startup_stm32f10x_md.o(.text) refers to system_stm32f10x.o(.text) for SystemInit
    startup_stm32f10x_md.o(.text) refers to entry.o(.ARM.Collect$$$$00000000) for __main
    system_stm32f10x.o(.text) refers to system_stm32f10x.o(.data) for SystemCoreClock
    stm32f10x_adc.o(.text) refers to stm32f10x_rcc.o(.text) for RCC_APB2PeriphResetCmd
    stm32f10x_bkp.o(.text) refers to stm32f10x_rcc.o(.text) for RCC_BackupResetCmd
    stm32f10x_can.o(.text) refers to stm32f10x_rcc.o(.text) for RCC_APB1PeriphResetCmd
    stm32f10x_cec.o(.text) refers to stm32f10x_rcc.o(.text) for RCC_APB1PeriphResetCmd
    stm32f10x_dac.o(.text) refers to stm32f10x_rcc.o(.text) for RCC_APB1PeriphResetCmd
    stm32f10x_gpio.o(.text) refers to stm32f10x_rcc.o(.text) for RCC_APB2PeriphResetCmd
    stm32f10x_i2c.o(.text) refers to stm32f10x_rcc.o(.text) for RCC_APB1PeriphResetCmd
    stm32f10x_pwr.o(.text) refers to stm32f10x_rcc.o(.text) for RCC_APB1PeriphResetCmd
    stm32f10x_rcc.o(.text) refers to stm32f10x_rcc.o(.data) for APBAHBPrescTable
    stm32f10x_spi.o(.text) refers to stm32f10x_rcc.o(.text) for RCC_APB2PeriphResetCmd
    stm32f10x_tim.o(.text) refers to stm32f10x_rcc.o(.text) for RCC_APB2PeriphResetCmd
    stm32f10x_usart.o(.text) refers to stm32f10x_rcc.o(.text) for RCC_APB2PeriphResetCmd
    stm32f10x_wwdg.o(.text) refers to stm32f10x_rcc.o(.text) for RCC_APB1PeriphResetCmd
    main.o(.text) refers to hal_uart.o(.text) for uartxInit
    main.o(.text) refers to hal_watchdog.o(.text) for watchdogInit
    main.o(.text) refers to memseta.o(.text) for __aeabi_memclr
    main.o(.text) refers to hal_rgb_led.o(.text) for rgbLedInit
    main.o(.text) refers to printf6.o(i.__0printf$6) for __2printf
    main.o(.text) refers to gizwits_protocol.o(.text) for gizwitsSetMode
    main.o(.text) refers to hal_key.o(.text) for keyInitOne
    main.o(.text) refers to memcpya.o(.text) for __aeabi_memcpy
    main.o(.text) refers to system_stm32f10x.o(.text) for SystemInit
    main.o(.text) refers to gizwits_product.o(.text) for timerInit
    main.o(.text) refers to main.o(.bss) for currentDataPoint
    main.o(.text) refers to main.o(.data) for keys
    stm32f10x_it.o(.text) refers to stm32f10x_usart.o(.text) for USART_GetITStatus
    stm32f10x_it.o(.text) refers to stm32f10x_rtc.o(.text) for RTC_GetITStatus
    hal_key.o(.text) refers to stm32f10x_gpio.o(.text) for GPIO_ReadInputDataBit
    hal_key.o(.text) refers to stm32f10x_tim.o(.text) for TIM_GetITStatus
    hal_key.o(.text) refers to stm32f10x_rcc.o(.text) for RCC_APB1PeriphClockCmd
    hal_key.o(.text) refers to misc.o(.text) for NVIC_Init
    hal_key.o(.text) refers to memcpya.o(.text) for __aeabi_memcpy
    hal_key.o(.text) refers to main.o(.data) for keys
    hal_key.o(.text) refers to hal_key.o(.data) for keyCountTime
    hal_uart.o(.text) refers to stm32f10x_rcc.o(.text) for RCC_APB2PeriphClockCmd
    hal_uart.o(.text) refers to stm32f10x_gpio.o(.text) for GPIO_Init
    hal_uart.o(.text) refers to stm32f10x_usart.o(.text) for USART_Init
    hal_uart.o(.text) refers to misc.o(.text) for NVIC_Init
    hal_watchdog.o(.text) refers to stm32f10x_iwdg.o(.text) for IWDG_WriteAccessCmd
    hal_rgb_led.o(.text) refers to stm32f10x_rcc.o(.text) for RCC_APB2PeriphClockCmd
    hal_rgb_led.o(.text) refers to stm32f10x_gpio.o(.text) for GPIO_Init
    gizwits_product.o(.text) refers to printf6.o(i.__0printf$6) for __2printf
    gizwits_product.o(.text) refers to hal_rgb_led.o(.text) for ledRgbControl
    gizwits_product.o(.text) refers to stm32f10x_tim.o(.text) for TIM_GetITStatus
    gizwits_product.o(.text) refers to stm32f10x_rcc.o(.text) for RCC_APB1PeriphClockCmd
    gizwits_product.o(.text) refers to misc.o(.text) for NVIC_Init
    gizwits_product.o(.text) refers to stm32f10x_usart.o(.text) for USART_GetITStatus
    gizwits_product.o(.text) refers to gizwits_protocol.o(.text) for gizPutData
    gizwits_product.o(.text) refers to stm32f10x_gpio.o(.text) for GPIO_Init
    gizwits_product.o(.text) refers to main.o(.bss) for currentDataPoint
    gizwits_product.o(.text) refers to main.o(.data) for red
    gizwits_product.o(.text) refers to gizwits_product.o(.data) for timerMsCount
    gizwits_protocol.o(.text) refers to printf6.o(i.__0printf$6) for __2printf
    gizwits_protocol.o(.text) refers to memcpya.o(.text) for __aeabi_memcpy
    gizwits_protocol.o(.text) refers to fadd.o(.text) for __aeabi_fsub
    gizwits_protocol.o(.text) refers to fdiv.o(.text) for __aeabi_fdiv
    gizwits_protocol.o(.text) refers to ffixui.o(.text) for __aeabi_f2uiz
    gizwits_protocol.o(.text) refers to ffltui.o(.text) for __aeabi_ui2f
    gizwits_protocol.o(.text) refers to fmul.o(.text) for __aeabi_fmul
    gizwits_protocol.o(.text) refers to memseta.o(.text) for __aeabi_memclr
    gizwits_protocol.o(.text) refers to gizwits_product.o(.text) for gizGetTimerCount
    gizwits_protocol.o(.text) refers to gizwits_protocol.o(.bss) for pRb
    gizwits_protocol.o(.text) refers to gizwits_protocol.o(.conststring) for .conststring
    gizwits_protocol.o(.text) refers to gizwits_protocol.o(.data) for lastData
    entry.o(.ARM.Collect$$$$00000000) refers (Special) to entry10a.o(.ARM.Collect$$$$0000000D) for __rt_final_cpp
    entry.o(.ARM.Collect$$$$00000000) refers (Special) to entry11a.o(.ARM.Collect$$$$0000000F) for __rt_final_exit
    entry.o(.ARM.Collect$$$$00000000) refers (Special) to entry7b.o(.ARM.Collect$$$$00000008) for _main_clock
    entry.o(.ARM.Collect$$$$00000000) refers (Special) to entry8b.o(.ARM.Collect$$$$0000000A) for _main_cpp_init
    entry.o(.ARM.Collect$$$$00000000) refers (Special) to entry9a.o(.ARM.Collect$$$$0000000B) for _main_init
    entry.o(.ARM.Collect$$$$00000000) refers (Special) to entry5.o(.ARM.Collect$$$$00000004) for _main_scatterload
    entry.o(.ARM.Collect$$$$00000000) refers (Special) to entry2.o(.ARM.Collect$$$$00000001) for _main_stk
    printfb.o(i.__0fprintf$bare) refers to printfb.o(i._printf_core) for _printf_core
    printfb.o(i.__0fprintf$bare) refers to hal_uart.o(.text) for fputc
    printfb.o(i.__0printf$bare) refers to printfb.o(i._printf_core) for _printf_core
    printfb.o(i.__0printf$bare) refers to hal_uart.o(.text) for fputc
    printfb.o(i.__0printf$bare) refers to stdout.o(.data) for __stdout
    printfb.o(i.__0snprintf$bare) refers to printfb.o(i._printf_core) for _printf_core
    printfb.o(i.__0snprintf$bare) refers to printfb.o(i._snputc) for _snputc
    printfb.o(i.__0sprintf$bare) refers to printfb.o(i._printf_core) for _printf_core
    printfb.o(i.__0sprintf$bare) refers to printfb.o(i._sputc) for _sputc
    printfb.o(i.__0vfprintf$bare) refers to printfb.o(i._printf_core) for _printf_core
    printfb.o(i.__0vfprintf$bare) refers to hal_uart.o(.text) for fputc
    printfb.o(i.__0vprintf$bare) refers to printfb.o(i._printf_core) for _printf_core
    printfb.o(i.__0vprintf$bare) refers to hal_uart.o(.text) for fputc
    printfb.o(i.__0vprintf$bare) refers to stdout.o(.data) for __stdout
    printfb.o(i.__0vsnprintf$bare) refers to printfb.o(i._printf_core) for _printf_core
    printfb.o(i.__0vsnprintf$bare) refers to printfb.o(i._snputc) for _snputc
    printfb.o(i.__0vsprintf$bare) refers to printfb.o(i._printf_core) for _printf_core
    printfb.o(i.__0vsprintf$bare) refers to printfb.o(i._sputc) for _sputc
    printf0.o(i.__0fprintf$0) refers to printf0.o(i._printf_core) for _printf_core
    printf0.o(i.__0fprintf$0) refers to hal_uart.o(.text) for fputc
    printf0.o(i.__0printf$0) refers to printf0.o(i._printf_core) for _printf_core
    printf0.o(i.__0printf$0) refers to hal_uart.o(.text) for fputc
    printf0.o(i.__0printf$0) refers to stdout.o(.data) for __stdout
    printf0.o(i.__0snprintf$0) refers to printf0.o(i._printf_core) for _printf_core
    printf0.o(i.__0snprintf$0) refers to printf0.o(i._snputc) for _snputc
    printf0.o(i.__0sprintf$0) refers to printf0.o(i._printf_core) for _printf_core
    printf0.o(i.__0sprintf$0) refers to printf0.o(i._sputc) for _sputc
    printf0.o(i.__0vfprintf$0) refers to printf0.o(i._printf_core) for _printf_core
    printf0.o(i.__0vfprintf$0) refers to hal_uart.o(.text) for fputc
    printf0.o(i.__0vprintf$0) refers to printf0.o(i._printf_core) for _printf_core
    printf0.o(i.__0vprintf$0) refers to hal_uart.o(.text) for fputc
    printf0.o(i.__0vprintf$0) refers to stdout.o(.data) for __stdout
    printf0.o(i.__0vsnprintf$0) refers to printf0.o(i._printf_core) for _printf_core
    printf0.o(i.__0vsnprintf$0) refers to printf0.o(i._snputc) for _snputc
    printf0.o(i.__0vsprintf$0) refers to printf0.o(i._printf_core) for _printf_core
    printf0.o(i.__0vsprintf$0) refers to printf0.o(i._sputc) for _sputc
    printf1.o(i.__0fprintf$1) refers to printf1.o(i._printf_core) for _printf_core
    printf1.o(i.__0fprintf$1) refers to hal_uart.o(.text) for fputc
    printf1.o(i.__0printf$1) refers to printf1.o(i._printf_core) for _printf_core
    printf1.o(i.__0printf$1) refers to hal_uart.o(.text) for fputc
    printf1.o(i.__0printf$1) refers to stdout.o(.data) for __stdout
    printf1.o(i.__0snprintf$1) refers to printf1.o(i._printf_core) for _printf_core
    printf1.o(i.__0snprintf$1) refers to printf1.o(i._snputc) for _snputc
    printf1.o(i.__0sprintf$1) refers to printf1.o(i._printf_core) for _printf_core
    printf1.o(i.__0sprintf$1) refers to printf1.o(i._sputc) for _sputc
    printf1.o(i.__0vfprintf$1) refers to printf1.o(i._printf_core) for _printf_core
    printf1.o(i.__0vfprintf$1) refers to hal_uart.o(.text) for fputc
    printf1.o(i.__0vprintf$1) refers to printf1.o(i._printf_core) for _printf_core
    printf1.o(i.__0vprintf$1) refers to hal_uart.o(.text) for fputc
    printf1.o(i.__0vprintf$1) refers to stdout.o(.data) for __stdout
    printf1.o(i.__0vsnprintf$1) refers to printf1.o(i._printf_core) for _printf_core
    printf1.o(i.__0vsnprintf$1) refers to printf1.o(i._snputc) for _snputc
    printf1.o(i.__0vsprintf$1) refers to printf1.o(i._printf_core) for _printf_core
    printf1.o(i.__0vsprintf$1) refers to printf1.o(i._sputc) for _sputc
    printf1.o(i._printf_core) refers to uidiv.o(.text) for __aeabi_uidivmod
    printf2.o(i.__0fprintf$2) refers to printf2.o(i._printf_core) for _printf_core
    printf2.o(i.__0fprintf$2) refers to hal_uart.o(.text) for fputc
    printf2.o(i.__0printf$2) refers to printf2.o(i._printf_core) for _printf_core
    printf2.o(i.__0printf$2) refers to hal_uart.o(.text) for fputc
    printf2.o(i.__0printf$2) refers to stdout.o(.data) for __stdout
    printf2.o(i.__0snprintf$2) refers to printf2.o(i._printf_core) for _printf_core
    printf2.o(i.__0snprintf$2) refers to printf2.o(i._snputc) for _snputc
    printf2.o(i.__0sprintf$2) refers to printf2.o(i._printf_core) for _printf_core
    printf2.o(i.__0sprintf$2) refers to printf2.o(i._sputc) for _sputc
    printf2.o(i.__0vfprintf$2) refers to printf2.o(i._printf_core) for _printf_core
    printf2.o(i.__0vfprintf$2) refers to hal_uart.o(.text) for fputc
    printf2.o(i.__0vprintf$2) refers to printf2.o(i._printf_core) for _printf_core
    printf2.o(i.__0vprintf$2) refers to hal_uart.o(.text) for fputc
    printf2.o(i.__0vprintf$2) refers to stdout.o(.data) for __stdout
    printf2.o(i.__0vsnprintf$2) refers to printf2.o(i._printf_core) for _printf_core
    printf2.o(i.__0vsnprintf$2) refers to printf2.o(i._snputc) for _snputc
    printf2.o(i.__0vsprintf$2) refers to printf2.o(i._printf_core) for _printf_core
    printf2.o(i.__0vsprintf$2) refers to printf2.o(i._sputc) for _sputc
    printf3.o(i.__0fprintf$3) refers to printf3.o(i._printf_core) for _printf_core
    printf3.o(i.__0fprintf$3) refers to hal_uart.o(.text) for fputc
    printf3.o(i.__0printf$3) refers to printf3.o(i._printf_core) for _printf_core
    printf3.o(i.__0printf$3) refers to hal_uart.o(.text) for fputc
    printf3.o(i.__0printf$3) refers to stdout.o(.data) for __stdout
    printf3.o(i.__0snprintf$3) refers to printf3.o(i._printf_core) for _printf_core
    printf3.o(i.__0snprintf$3) refers to printf3.o(i._snputc) for _snputc
    printf3.o(i.__0sprintf$3) refers to printf3.o(i._printf_core) for _printf_core
    printf3.o(i.__0sprintf$3) refers to printf3.o(i._sputc) for _sputc
    printf3.o(i.__0vfprintf$3) refers to printf3.o(i._printf_core) for _printf_core
    printf3.o(i.__0vfprintf$3) refers to hal_uart.o(.text) for fputc
    printf3.o(i.__0vprintf$3) refers to printf3.o(i._printf_core) for _printf_core
    printf3.o(i.__0vprintf$3) refers to hal_uart.o(.text) for fputc
    printf3.o(i.__0vprintf$3) refers to stdout.o(.data) for __stdout
    printf3.o(i.__0vsnprintf$3) refers to printf3.o(i._printf_core) for _printf_core
    printf3.o(i.__0vsnprintf$3) refers to printf3.o(i._snputc) for _snputc
    printf3.o(i.__0vsprintf$3) refers to printf3.o(i._printf_core) for _printf_core
    printf3.o(i.__0vsprintf$3) refers to printf3.o(i._sputc) for _sputc
    printf3.o(i._printf_core) refers to uidiv.o(.text) for __aeabi_uidivmod
    printf4.o(i.__0fprintf$4) refers to printf4.o(i._printf_core) for _printf_core
    printf4.o(i.__0fprintf$4) refers to hal_uart.o(.text) for fputc
    printf4.o(i.__0printf$4) refers to printf4.o(i._printf_core) for _printf_core
    printf4.o(i.__0printf$4) refers to hal_uart.o(.text) for fputc
    printf4.o(i.__0printf$4) refers to stdout.o(.data) for __stdout
    printf4.o(i.__0snprintf$4) refers to printf4.o(i._printf_core) for _printf_core
    printf4.o(i.__0snprintf$4) refers to printf4.o(i._snputc) for _snputc
    printf4.o(i.__0sprintf$4) refers to printf4.o(i._printf_core) for _printf_core
    printf4.o(i.__0sprintf$4) refers to printf4.o(i._sputc) for _sputc
    printf4.o(i.__0vfprintf$4) refers to printf4.o(i._printf_core) for _printf_core
    printf4.o(i.__0vfprintf$4) refers to hal_uart.o(.text) for fputc
    printf4.o(i.__0vprintf$4) refers to printf4.o(i._printf_core) for _printf_core
    printf4.o(i.__0vprintf$4) refers to hal_uart.o(.text) for fputc
    printf4.o(i.__0vprintf$4) refers to stdout.o(.data) for __stdout
    printf4.o(i.__0vsnprintf$4) refers to printf4.o(i._printf_core) for _printf_core
    printf4.o(i.__0vsnprintf$4) refers to printf4.o(i._snputc) for _snputc
    printf4.o(i.__0vsprintf$4) refers to printf4.o(i._printf_core) for _printf_core
    printf4.o(i.__0vsprintf$4) refers to printf4.o(i._sputc) for _sputc
    printf4.o(i._printf_core) refers to uldiv.o(.text) for __aeabi_uldivmod
    printf5.o(i.__0fprintf$5) refers to printf5.o(i._printf_core) for _printf_core
    printf5.o(i.__0fprintf$5) refers to hal_uart.o(.text) for fputc
    printf5.o(i.__0printf$5) refers to printf5.o(i._printf_core) for _printf_core
    printf5.o(i.__0printf$5) refers to hal_uart.o(.text) for fputc
    printf5.o(i.__0printf$5) refers to stdout.o(.data) for __stdout
    printf5.o(i.__0snprintf$5) refers to printf5.o(i._printf_core) for _printf_core
    printf5.o(i.__0snprintf$5) refers to printf5.o(i._snputc) for _snputc
    printf5.o(i.__0sprintf$5) refers to printf5.o(i._printf_core) for _printf_core
    printf5.o(i.__0sprintf$5) refers to printf5.o(i._sputc) for _sputc
    printf5.o(i.__0vfprintf$5) refers to printf5.o(i._printf_core) for _printf_core
    printf5.o(i.__0vfprintf$5) refers to hal_uart.o(.text) for fputc
    printf5.o(i.__0vprintf$5) refers to printf5.o(i._printf_core) for _printf_core
    printf5.o(i.__0vprintf$5) refers to hal_uart.o(.text) for fputc
    printf5.o(i.__0vprintf$5) refers to stdout.o(.data) for __stdout
    printf5.o(i.__0vsnprintf$5) refers to printf5.o(i._printf_core) for _printf_core
    printf5.o(i.__0vsnprintf$5) refers to printf5.o(i._snputc) for _snputc
    printf5.o(i.__0vsprintf$5) refers to printf5.o(i._printf_core) for _printf_core
    printf5.o(i.__0vsprintf$5) refers to printf5.o(i._sputc) for _sputc
    printf5.o(i._printf_core) refers to uldiv.o(.text) for __aeabi_uldivmod
    printf6.o(i.__0fprintf$6) refers to printf6.o(i._printf_core) for _printf_core
    printf6.o(i.__0fprintf$6) refers to hal_uart.o(.text) for fputc
    printf6.o(i.__0printf$6) refers to printf6.o(i._printf_core) for _printf_core
    printf6.o(i.__0printf$6) refers to hal_uart.o(.text) for fputc
    printf6.o(i.__0printf$6) refers to stdout.o(.data) for __stdout
    printf6.o(i.__0snprintf$6) refers to printf6.o(i._printf_core) for _printf_core
    printf6.o(i.__0snprintf$6) refers to printf6.o(i._snputc) for _snputc
    printf6.o(i.__0sprintf$6) refers to printf6.o(i._printf_core) for _printf_core
    printf6.o(i.__0sprintf$6) refers to printf6.o(i._sputc) for _sputc
    printf6.o(i.__0vfprintf$6) refers to printf6.o(i._printf_core) for _printf_core
    printf6.o(i.__0vfprintf$6) refers to hal_uart.o(.text) for fputc
    printf6.o(i.__0vprintf$6) refers to printf6.o(i._printf_core) for _printf_core
    printf6.o(i.__0vprintf$6) refers to hal_uart.o(.text) for fputc
    printf6.o(i.__0vprintf$6) refers to stdout.o(.data) for __stdout
    printf6.o(i.__0vsnprintf$6) refers to printf6.o(i._printf_core) for _printf_core
    printf6.o(i.__0vsnprintf$6) refers to printf6.o(i._snputc) for _snputc
    printf6.o(i.__0vsprintf$6) refers to printf6.o(i._printf_core) for _printf_core
    printf6.o(i.__0vsprintf$6) refers to printf6.o(i._sputc) for _sputc
    printf6.o(i._printf_core) refers to printf6.o(i._printf_pre_padding) for _printf_pre_padding
    printf6.o(i._printf_core) refers to uidiv.o(.text) for __aeabi_uidivmod
    printf6.o(i._printf_core) refers to printf6.o(i._printf_post_padding) for _printf_post_padding
    printf7.o(i.__0fprintf$7) refers to printf7.o(i._printf_core) for _printf_core
    printf7.o(i.__0fprintf$7) refers to hal_uart.o(.text) for fputc
    printf7.o(i.__0printf$7) refers to printf7.o(i._printf_core) for _printf_core
    printf7.o(i.__0printf$7) refers to hal_uart.o(.text) for fputc
    printf7.o(i.__0printf$7) refers to stdout.o(.data) for __stdout
    printf7.o(i.__0snprintf$7) refers to printf7.o(i._printf_core) for _printf_core
    printf7.o(i.__0snprintf$7) refers to printf7.o(i._snputc) for _snputc
    printf7.o(i.__0sprintf$7) refers to printf7.o(i._printf_core) for _printf_core
    printf7.o(i.__0sprintf$7) refers to printf7.o(i._sputc) for _sputc
    printf7.o(i.__0vfprintf$7) refers to printf7.o(i._printf_core) for _printf_core
    printf7.o(i.__0vfprintf$7) refers to hal_uart.o(.text) for fputc
    printf7.o(i.__0vprintf$7) refers to printf7.o(i._printf_core) for _printf_core
    printf7.o(i.__0vprintf$7) refers to hal_uart.o(.text) for fputc
    printf7.o(i.__0vprintf$7) refers to stdout.o(.data) for __stdout
    printf7.o(i.__0vsnprintf$7) refers to printf7.o(i._printf_core) for _printf_core
    printf7.o(i.__0vsnprintf$7) refers to printf7.o(i._snputc) for _snputc
    printf7.o(i.__0vsprintf$7) refers to printf7.o(i._printf_core) for _printf_core
    printf7.o(i.__0vsprintf$7) refers to printf7.o(i._sputc) for _sputc
    printf7.o(i._printf_core) refers to printf7.o(i._printf_pre_padding) for _printf_pre_padding
    printf7.o(i._printf_core) refers to uldiv.o(.text) for __aeabi_uldivmod
    printf7.o(i._printf_core) refers to printf7.o(i._printf_post_padding) for _printf_post_padding
    printf8.o(i.__0fprintf$8) refers to printf8.o(i._printf_core) for _printf_core
    printf8.o(i.__0fprintf$8) refers to hal_uart.o(.text) for fputc
    printf8.o(i.__0printf$8) refers to printf8.o(i._printf_core) for _printf_core
    printf8.o(i.__0printf$8) refers to hal_uart.o(.text) for fputc
    printf8.o(i.__0printf$8) refers to stdout.o(.data) for __stdout
    printf8.o(i.__0snprintf$8) refers to printf8.o(i._printf_core) for _printf_core
    printf8.o(i.__0snprintf$8) refers to printf8.o(i._snputc) for _snputc
    printf8.o(i.__0sprintf$8) refers to printf8.o(i._printf_core) for _printf_core
    printf8.o(i.__0sprintf$8) refers to printf8.o(i._sputc) for _sputc
    printf8.o(i.__0vfprintf$8) refers to printf8.o(i._printf_core) for _printf_core
    printf8.o(i.__0vfprintf$8) refers to hal_uart.o(.text) for fputc
    printf8.o(i.__0vprintf$8) refers to printf8.o(i._printf_core) for _printf_core
    printf8.o(i.__0vprintf$8) refers to hal_uart.o(.text) for fputc
    printf8.o(i.__0vprintf$8) refers to stdout.o(.data) for __stdout
    printf8.o(i.__0vsnprintf$8) refers to printf8.o(i._printf_core) for _printf_core
    printf8.o(i.__0vsnprintf$8) refers to printf8.o(i._snputc) for _snputc
    printf8.o(i.__0vsprintf$8) refers to printf8.o(i._printf_core) for _printf_core
    printf8.o(i.__0vsprintf$8) refers to printf8.o(i._sputc) for _sputc
    printf8.o(i._printf_core) refers to printf8.o(i._printf_pre_padding) for _printf_pre_padding
    printf8.o(i._printf_core) refers to uldiv.o(.text) for __aeabi_uldivmod
    printf8.o(i._printf_core) refers to printf8.o(i._printf_post_padding) for _printf_post_padding
    printfa.o(i.__0fprintf) refers (Special) to iusefp.o(.text) for __I$use$fp
    printfa.o(i.__0fprintf) refers to printfa.o(i._printf_core) for _printf_core
    printfa.o(i.__0fprintf) refers to hal_uart.o(.text) for fputc
    printfa.o(i.__0printf) refers (Special) to iusefp.o(.text) for __I$use$fp
    printfa.o(i.__0printf) refers to printfa.o(i._printf_core) for _printf_core
    printfa.o(i.__0printf) refers to hal_uart.o(.text) for fputc
    printfa.o(i.__0printf) refers to stdout.o(.data) for __stdout
    printfa.o(i.__0snprintf) refers (Special) to iusefp.o(.text) for __I$use$fp
    printfa.o(i.__0snprintf) refers to printfa.o(i._printf_core) for _printf_core
    printfa.o(i.__0snprintf) refers to printfa.o(i._snputc) for _snputc
    printfa.o(i.__0sprintf) refers (Special) to iusefp.o(.text) for __I$use$fp
    printfa.o(i.__0sprintf) refers to printfa.o(i._printf_core) for _printf_core
    printfa.o(i.__0sprintf) refers to printfa.o(i._sputc) for _sputc
    printfa.o(i.__0vfprintf) refers (Special) to iusefp.o(.text) for __I$use$fp
    printfa.o(i.__0vfprintf) refers to printfa.o(i._printf_core) for _printf_core
    printfa.o(i.__0vfprintf) refers to hal_uart.o(.text) for fputc
    printfa.o(i.__0vprintf) refers (Special) to iusefp.o(.text) for __I$use$fp
    printfa.o(i.__0vprintf) refers to printfa.o(i._printf_core) for _printf_core
    printfa.o(i.__0vprintf) refers to hal_uart.o(.text) for fputc
    printfa.o(i.__0vprintf) refers to stdout.o(.data) for __stdout
    printfa.o(i.__0vsnprintf) refers (Special) to iusefp.o(.text) for __I$use$fp
    printfa.o(i.__0vsnprintf) refers to printfa.o(i._printf_core) for _printf_core
    printfa.o(i.__0vsnprintf) refers to printfa.o(i._snputc) for _snputc
    printfa.o(i.__0vsprintf) refers (Special) to iusefp.o(.text) for __I$use$fp
    printfa.o(i.__0vsprintf) refers to printfa.o(i._printf_core) for _printf_core
    printfa.o(i.__0vsprintf) refers to printfa.o(i._sputc) for _sputc
    printfa.o(i._fp_digits) refers (Special) to iusefp.o(.text) for __I$use$fp
    printfa.o(i._fp_digits) refers to dmul.o(.text) for __aeabi_dmul
    printfa.o(i._fp_digits) refers to ddiv.o(.text) for __aeabi_ddiv
    printfa.o(i._fp_digits) refers to cdrcmple.o(.text) for __aeabi_cdrcmple
    printfa.o(i._fp_digits) refers to dadd.o(.text) for __aeabi_dadd
    printfa.o(i._fp_digits) refers to dfixul.o(.text) for __aeabi_d2ulz
    printfa.o(i._fp_digits) refers to uldiv.o(.text) for __aeabi_uldivmod
    printfa.o(i._printf_core) refers (Special) to iusefp.o(.text) for __I$use$fp
    printfa.o(i._printf_core) refers to printfa.o(i._printf_pre_padding) for _printf_pre_padding
    printfa.o(i._printf_core) refers to uldiv.o(.text) for __aeabi_uldivmod
    printfa.o(i._printf_core) refers to printfa.o(i._printf_post_padding) for _printf_post_padding
    printfa.o(i._printf_core) refers to printfa.o(i._fp_digits) for _fp_digits
    printfa.o(i._printf_core) refers to uidiv.o(.text) for __aeabi_uidivmod
    printfa.o(i._printf_post_padding) refers (Special) to iusefp.o(.text) for __I$use$fp
    printfa.o(i._printf_pre_padding) refers (Special) to iusefp.o(.text) for __I$use$fp
    printfa.o(i._snputc) refers (Special) to iusefp.o(.text) for __I$use$fp
    printfa.o(i._sputc) refers (Special) to iusefp.o(.text) for __I$use$fp
    fadd.o(.text) refers (Special) to iusefp.o(.text) for __I$use$fp
    fadd.o(.text) refers to fepilogue.o(.text) for _float_epilogue
    fmul.o(.text) refers (Special) to iusefp.o(.text) for __I$use$fp
    fdiv.o(.text) refers (Special) to iusefp.o(.text) for __I$use$fp
    fdiv.o(.text) refers to fepilogue.o(.text) for _float_round
    ffltui.o(.text) refers (Special) to iusefp.o(.text) for __I$use$fp
    ffltui.o(.text) refers to fepilogue.o(.text) for _float_epilogue
    ffixui.o(.text) refers (Special) to iusefp.o(.text) for __I$use$fp
    entry2.o(.ARM.Collect$$$$00000001) refers to entry2.o(.ARM.Collect$$$$00002712) for __lit__00000000
    entry2.o(.ARM.Collect$$$$00002712) refers to startup_stm32f10x_md.o(STACK) for __initial_sp
    entry2.o(__vectab_stack_and_reset_area) refers to startup_stm32f10x_md.o(STACK) for __initial_sp
    entry2.o(__vectab_stack_and_reset_area) refers to entry.o(.ARM.Collect$$$$00000000) for __main
    entry5.o(.ARM.Collect$$$$00000004) refers to init.o(.text) for __scatterload
    entry9a.o(.ARM.Collect$$$$0000000B) refers to main.o(.text) for main
    entry9b.o(.ARM.Collect$$$$0000000C) refers to main.o(.text) for main
    uldiv.o(.text) refers to llushr.o(.text) for __aeabi_llsr
    uldiv.o(.text) refers to llshl.o(.text) for __aeabi_llsl
    dadd.o(.text) refers to llshl.o(.text) for __aeabi_llsl
    dadd.o(.text) refers to llsshr.o(.text) for __aeabi_lasr
    dadd.o(.text) refers to depilogue.o(.text) for _double_epilogue
    dmul.o(.text) refers to depilogue.o(.text) for _double_epilogue
    ddiv.o(.text) refers to depilogue.o(.text) for _double_round
    dfixul.o(.text) refers to llushr.o(.text) for __aeabi_llsr
    dfixul.o(.text) refers to llshl.o(.text) for __aeabi_llsl
    init.o(.text) refers to entry5.o(.ARM.Collect$$$$00000004) for __main_after_scatterload
    depilogue.o(.text) refers to llshl.o(.text) for __aeabi_llsl
    depilogue.o(.text) refers to llushr.o(.text) for __aeabi_llsr


==============================================================================

Removing Unused input sections from the image.

    Removing startup_stm32f10x_md.o(HEAP), (512 bytes).
    Removing core_cm3.o(.emb_text), (32 bytes).
    Removing stm32f10x_adc.o(.text), (1102 bytes).
    Removing stm32f10x_bkp.o(.text), (196 bytes).
    Removing stm32f10x_can.o(.text), (2544 bytes).
    Removing stm32f10x_cec.o(.text), (288 bytes).
    Removing stm32f10x_crc.o(.text), (72 bytes).
    Removing stm32f10x_dac.o(.text), (396 bytes).
    Removing stm32f10x_dbgmcu.o(.text), (48 bytes).
    Removing stm32f10x_dma.o(.text), (596 bytes).
    Removing stm32f10x_exti.o(.text), (284 bytes).
    Removing stm32f10x_flash.o(.text), (1468 bytes).
    Removing stm32f10x_fsmc.o(.text), (1548 bytes).
    Removing stm32f10x_i2c.o(.text), (1028 bytes).
    Removing stm32f10x_pwr.o(.text), (204 bytes).
    Removing stm32f10x_sdio.o(.text), (468 bytes).
    Removing stm32f10x_spi.o(.text), (780 bytes).
    Removing stm32f10x_wwdg.o(.text), (136 bytes).
    Removing dadd.o(.text), (334 bytes).
    Removing dmul.o(.text), (228 bytes).
    Removing ddiv.o(.text), (222 bytes).
    Removing dfixul.o(.text), (48 bytes).
    Removing cdrcmple.o(.text), (40 bytes).
    Removing depilogue.o(.text), (182 bytes).

24 unused section(s) (total 12756 bytes) removed from the image.

==============================================================================

Image Symbol Table

    Local Symbols

    Symbol Name                              Value     Ov Type        Size  Object(Section)

    ../clib/microlib/division.c              0x00000000   Number         0  uldiv.o ABSOLUTE
    ../clib/microlib/division.c              0x00000000   Number         0  uidiv.o ABSOLUTE
    ../clib/microlib/init/entry.s            0x00000000   Number         0  entry8b.o ABSOLUTE
    ../clib/microlib/init/entry.s            0x00000000   Number         0  entry.o ABSOLUTE
    ../clib/microlib/init/entry.s            0x00000000   Number         0  entry7b.o ABSOLUTE
    ../clib/microlib/init/entry.s            0x00000000   Number         0  entry9a.o ABSOLUTE
    ../clib/microlib/init/entry.s            0x00000000   Number         0  entry7a.o ABSOLUTE
    ../clib/microlib/init/entry.s            0x00000000   Number         0  entry2.o ABSOLUTE
    ../clib/microlib/init/entry.s            0x00000000   Number         0  entry8a.o ABSOLUTE
    ../clib/microlib/init/entry.s            0x00000000   Number         0  entry5.o ABSOLUTE
    ../clib/microlib/init/entry.s            0x00000000   Number         0  entry9b.o ABSOLUTE
    ../clib/microlib/init/entry.s            0x00000000   Number         0  entry11b.o ABSOLUTE
    ../clib/microlib/init/entry.s            0x00000000   Number         0  entry11a.o ABSOLUTE
    ../clib/microlib/init/entry.s            0x00000000   Number         0  entry10a.o ABSOLUTE
    ../clib/microlib/init/entry.s            0x00000000   Number         0  entry10b.o ABSOLUTE
    ../clib/microlib/longlong.c              0x00000000   Number         0  llsshr.o ABSOLUTE
    ../clib/microlib/longlong.c              0x00000000   Number         0  llushr.o ABSOLUTE
    ../clib/microlib/longlong.c              0x00000000   Number         0  llshl.o ABSOLUTE
    ../clib/microlib/printf/printf.c         0x00000000   Number         0  printfa.o ABSOLUTE
    ../clib/microlib/printf/printf.c         0x00000000   Number         0  printf7.o ABSOLUTE
    ../clib/microlib/printf/printf.c         0x00000000   Number         0  printfb.o ABSOLUTE
    ../clib/microlib/printf/printf.c         0x00000000   Number         0  printf0.o ABSOLUTE
    ../clib/microlib/printf/printf.c         0x00000000   Number         0  printf1.o ABSOLUTE
    ../clib/microlib/printf/printf.c         0x00000000   Number         0  printf2.o ABSOLUTE
    ../clib/microlib/printf/printf.c         0x00000000   Number         0  printf3.o ABSOLUTE
    ../clib/microlib/printf/printf.c         0x00000000   Number         0  printf6.o ABSOLUTE
    ../clib/microlib/printf/printf.c         0x00000000   Number         0  printf4.o ABSOLUTE
    ../clib/microlib/printf/printf.c         0x00000000   Number         0  printf5.o ABSOLUTE
    ../clib/microlib/printf/printf.c         0x00000000   Number         0  printf8.o ABSOLUTE
    ../clib/microlib/printf/stubs.s          0x00000000   Number         0  stubs.o ABSOLUTE
    ../clib/microlib/stdio/streams.c         0x00000000   Number         0  stdout.o ABSOLUTE
    ../clib/microlib/string/memcpy.c         0x00000000   Number         0  memcpyb.o ABSOLUTE
    ../clib/microlib/string/memcpy.c         0x00000000   Number         0  memcpya.o ABSOLUTE
    ../clib/microlib/string/memset.c         0x00000000   Number         0  memseta.o ABSOLUTE
    ../clib/microlib/stubs.s                 0x00000000   Number         0  iusefp.o ABSOLUTE
    ../fplib/microlib/fpadd.c                0x00000000   Number         0  fadd.o ABSOLUTE
    ../fplib/microlib/fpadd.c                0x00000000   Number         0  dadd.o ABSOLUTE
    ../fplib/microlib/fpdiv.c                0x00000000   Number         0  ddiv.o ABSOLUTE
    ../fplib/microlib/fpdiv.c                0x00000000   Number         0  fdiv.o ABSOLUTE
    ../fplib/microlib/fpepilogue.c           0x00000000   Number         0  depilogue.o ABSOLUTE
    ../fplib/microlib/fpepilogue.c           0x00000000   Number         0  fepilogue.o ABSOLUTE
    ../fplib/microlib/fpfix.c                0x00000000   Number         0  dfixul.o ABSOLUTE
    ../fplib/microlib/fpfix.c                0x00000000   Number         0  ffixui.o ABSOLUTE
    ../fplib/microlib/fpflt.c                0x00000000   Number         0  ffltui.o ABSOLUTE
    ../fplib/microlib/fpmul.c                0x00000000   Number         0  dmul.o ABSOLUTE
    ../fplib/microlib/fpmul.c                0x00000000   Number         0  fmul.o ABSOLUTE
    ..\Gizwits\gizwits_product.c             0x00000000   Number         0  gizwits_product.o ABSOLUTE
    ..\Gizwits\gizwits_protocol.c            0x00000000   Number         0  gizwits_protocol.o ABSOLUTE
    ..\Hal\Hal_Usart\hal_uart.c              0x00000000   Number         0  hal_uart.o ABSOLUTE
    ..\Hal\Hal_Watchdog\hal_watchdog.c       0x00000000   Number         0  hal_watchdog.o ABSOLUTE
    ..\Hal\Hal_key\hal_key.c                 0x00000000   Number         0  hal_key.o ABSOLUTE
    ..\Hal\Hal_rgb_led\hal_rgb_led.c         0x00000000   Number         0  hal_rgb_led.o ABSOLUTE
    ..\Lib\CMSIS\CM3\CoreSupport\core_cm3.c  0x00000000   Number         0  core_cm3.o ABSOLUTE
    ..\Lib\CMSIS\CM3\DeviceSupport\ST\STM32F10x\startup\arm\startup_stm32f10x_md.s 0x00000000   Number         0  startup_stm32f10x_md.o ABSOLUTE
    ..\Lib\CMSIS\CM3\DeviceSupport\ST\STM32F10x\system_stm32f10x.c 0x00000000   Number         0  system_stm32f10x.o ABSOLUTE
    ..\Lib\STM32F10x_StdPeriph_Driver\src\misc.c 0x00000000   Number         0  misc.o ABSOLUTE
    ..\Lib\STM32F10x_StdPeriph_Driver\src\stm32f10x_adc.c 0x00000000   Number         0  stm32f10x_adc.o ABSOLUTE
    ..\Lib\STM32F10x_StdPeriph_Driver\src\stm32f10x_bkp.c 0x00000000   Number         0  stm32f10x_bkp.o ABSOLUTE
    ..\Lib\STM32F10x_StdPeriph_Driver\src\stm32f10x_can.c 0x00000000   Number         0  stm32f10x_can.o ABSOLUTE
    ..\Lib\STM32F10x_StdPeriph_Driver\src\stm32f10x_cec.c 0x00000000   Number         0  stm32f10x_cec.o ABSOLUTE
    ..\Lib\STM32F10x_StdPeriph_Driver\src\stm32f10x_crc.c 0x00000000   Number         0  stm32f10x_crc.o ABSOLUTE
    ..\Lib\STM32F10x_StdPeriph_Driver\src\stm32f10x_dac.c 0x00000000   Number         0  stm32f10x_dac.o ABSOLUTE
    ..\Lib\STM32F10x_StdPeriph_Driver\src\stm32f10x_dbgmcu.c 0x00000000   Number         0  stm32f10x_dbgmcu.o ABSOLUTE
    ..\Lib\STM32F10x_StdPeriph_Driver\src\stm32f10x_dma.c 0x00000000   Number         0  stm32f10x_dma.o ABSOLUTE
    ..\Lib\STM32F10x_StdPeriph_Driver\src\stm32f10x_exti.c 0x00000000   Number         0  stm32f10x_exti.o ABSOLUTE
    ..\Lib\STM32F10x_StdPeriph_Driver\src\stm32f10x_flash.c 0x00000000   Number         0  stm32f10x_flash.o ABSOLUTE
    ..\Lib\STM32F10x_StdPeriph_Driver\src\stm32f10x_fsmc.c 0x00000000   Number         0  stm32f10x_fsmc.o ABSOLUTE
    ..\Lib\STM32F10x_StdPeriph_Driver\src\stm32f10x_gpio.c 0x00000000   Number         0  stm32f10x_gpio.o ABSOLUTE
    ..\Lib\STM32F10x_StdPeriph_Driver\src\stm32f10x_i2c.c 0x00000000   Number         0  stm32f10x_i2c.o ABSOLUTE
    ..\Lib\STM32F10x_StdPeriph_Driver\src\stm32f10x_iwdg.c 0x00000000   Number         0  stm32f10x_iwdg.o ABSOLUTE
    ..\Lib\STM32F10x_StdPeriph_Driver\src\stm32f10x_pwr.c 0x00000000   Number         0  stm32f10x_pwr.o ABSOLUTE
    ..\Lib\STM32F10x_StdPeriph_Driver\src\stm32f10x_rcc.c 0x00000000   Number         0  stm32f10x_rcc.o ABSOLUTE
    ..\Lib\STM32F10x_StdPeriph_Driver\src\stm32f10x_rtc.c 0x00000000   Number         0  stm32f10x_rtc.o ABSOLUTE
    ..\Lib\STM32F10x_StdPeriph_Driver\src\stm32f10x_sdio.c 0x00000000   Number         0  stm32f10x_sdio.o ABSOLUTE
    ..\Lib\STM32F10x_StdPeriph_Driver\src\stm32f10x_spi.c 0x00000000   Number         0  stm32f10x_spi.o ABSOLUTE
    ..\Lib\STM32F10x_StdPeriph_Driver\src\stm32f10x_tim.c 0x00000000   Number         0  stm32f10x_tim.o ABSOLUTE
    ..\Lib\STM32F10x_StdPeriph_Driver\src\stm32f10x_usart.c 0x00000000   Number         0  stm32f10x_usart.o ABSOLUTE
    ..\Lib\STM32F10x_StdPeriph_Driver\src\stm32f10x_wwdg.c 0x00000000   Number         0  stm32f10x_wwdg.o ABSOLUTE
    ..\User\main.c                           0x00000000   Number         0  main.o ABSOLUTE
    ..\User\stm32f10x_it.c                   0x00000000   Number         0  stm32f10x_it.o ABSOLUTE
    ..\\Lib\\CMSIS\\CM3\\CoreSupport\\core_cm3.c 0x00000000   Number         0  core_cm3.o ABSOLUTE
    cdrcmple.s                               0x00000000   Number         0  cdrcmple.o ABSOLUTE
    dc.s                                     0x00000000   Number         0  dc.o ABSOLUTE
    handlers.s                               0x00000000   Number         0  handlers.o ABSOLUTE
    init.s                                   0x00000000   Number         0  init.o ABSOLUTE
    RESET                                    0x08000000   Section      236  startup_stm32f10x_md.o(RESET)
    .ARM.Collect$$$$00000000                 0x080000ec   Section        0  entry.o(.ARM.Collect$$$$00000000)
    .ARM.Collect$$$$00000001                 0x080000ec   Section        4  entry2.o(.ARM.Collect$$$$00000001)
    .ARM.Collect$$$$00000004                 0x080000f0   Section        4  entry5.o(.ARM.Collect$$$$00000004)
    .ARM.Collect$$$$00000008                 0x080000f4   Section        0  entry7b.o(.ARM.Collect$$$$00000008)
    .ARM.Collect$$$$0000000A                 0x080000f4   Section        0  entry8b.o(.ARM.Collect$$$$0000000A)
    .ARM.Collect$$$$0000000B                 0x080000f4   Section        8  entry9a.o(.ARM.Collect$$$$0000000B)
    .ARM.Collect$$$$0000000D                 0x080000fc   Section        0  entry10a.o(.ARM.Collect$$$$0000000D)
    .ARM.Collect$$$$0000000F                 0x080000fc   Section        0  entry11a.o(.ARM.Collect$$$$0000000F)
    .ARM.Collect$$$$00002712                 0x080000fc   Section        4  entry2.o(.ARM.Collect$$$$00002712)
    __lit__00000000                          0x080000fc   Data           4  entry2.o(.ARM.Collect$$$$00002712)
    .text                                    0x08000100   Section       36  startup_stm32f10x_md.o(.text)
    .text                                    0x08000124   Section        0  system_stm32f10x.o(.text)
    SetSysClockTo72                          0x08000125   Thumb Code   214  system_stm32f10x.o(.text)
    SetSysClock                              0x080001fb   Thumb Code     8  system_stm32f10x.o(.text)
    .text                                    0x08000304   Section        0  misc.o(.text)
    .text                                    0x080003e0   Section        0  stm32f10x_gpio.o(.text)
    .text                                    0x0800073c   Section        0  stm32f10x_iwdg.o(.text)
    .text                                    0x0800077c   Section        0  stm32f10x_rcc.o(.text)
    .text                                    0x08000b20   Section        0  stm32f10x_rtc.o(.text)
    .text                                    0x08000c68   Section        0  stm32f10x_tim.o(.text)
    TI4_Config                               0x0800110f   Thumb Code   130  stm32f10x_tim.o(.text)
    TI3_Config                               0x080011a3   Thumb Code   122  stm32f10x_tim.o(.text)
    TI2_Config                               0x08001237   Thumb Code   130  stm32f10x_tim.o(.text)
    TI1_Config                               0x080012cb   Thumb Code   108  stm32f10x_tim.o(.text)
    .text                                    0x08001a84   Section        0  stm32f10x_usart.o(.text)
    .text                                    0x08001e8c   Section        0  main.o(.text)
    .text                                    0x08002034   Section        0  stm32f10x_it.o(.text)
    .text                                    0x080020e0   Section        0  hal_key.o(.text)
    .text                                    0x08002444   Section        0  hal_uart.o(.text)
    .text                                    0x08002608   Section        0  hal_watchdog.o(.text)
    .text                                    0x08002644   Section        0  hal_rgb_led.o(.text)
    .text                                    0x080027c0   Section        0  gizwits_product.o(.text)
    .text                                    0x08002be4   Section        0  gizwits_protocol.o(.text)
    rbCreate                                 0x08002be5   Thumb Code    26  gizwits_protocol.o(.text)
    rbDelete                                 0x08002bff   Thumb Code    28  gizwits_protocol.o(.text)
    rbCapacity                               0x08002c1b   Thumb Code    22  gizwits_protocol.o(.text)
    rbCanRead                                0x08002c31   Thumb Code    62  gizwits_protocol.o(.text)
    rbCanWrite                               0x08002c6f   Thumb Code    36  gizwits_protocol.o(.text)
    rbRead                                   0x08002c93   Thumb Code   174  gizwits_protocol.o(.text)
    rbWrite                                  0x08002d41   Thumb Code   186  gizwits_protocol.o(.text)
    gizProtocolSum                           0x08002e2f   Thumb Code    52  gizwits_protocol.o(.text)
    gizProtocolExchangeBytes                 0x08002e63   Thumb Code    22  gizwits_protocol.o(.text)
    gizExchangeWord                          0x08002e79   Thumb Code    26  gizwits_protocol.o(.text)
    gizByteOrderExchange                     0x08002e93   Thumb Code    64  gizwits_protocol.o(.text)
    gizY2X                                   0x08002ed3   Thumb Code    14  gizwits_protocol.o(.text)
    gizX2Y                                   0x08002ee1   Thumb Code    12  gizwits_protocol.o(.text)
    gizY2XFloat                              0x08002eed   Thumb Code    42  gizwits_protocol.o(.text)
    gizX2YFloat                              0x08002f17   Thumb Code    42  gizwits_protocol.o(.text)
    gizAcrossByteJudge                       0x08002f41   Thumb Code    42  gizwits_protocol.o(.text)
    gizProtocolHeadInit                      0x08002f6b   Thumb Code    34  gizwits_protocol.o(.text)
    gizProtocolWaitAck                       0x08002f8d   Thumb Code   412  gizwits_protocol.o(.text)
    gizDecompressionValue                    0x08003129   Thumb Code   202  gizwits_protocol.o(.text)
    gizCompressValue                         0x080031f3   Thumb Code   136  gizwits_protocol.o(.text)
    gizDataPoint2Event                       0x0800327b   Thumb Code   186  gizwits_protocol.o(.text)
    gizCheckReport                           0x08003335   Thumb Code   104  gizwits_protocol.o(.text)
    gizDataPoints2ReportData                 0x0800339d   Thumb Code    96  gizwits_protocol.o(.text)
    gizProtocolIssuedProcess                 0x080033fd   Thumb Code   216  gizwits_protocol.o(.text)
    gizProtocolIssuedDataAck                 0x080034d5   Thumb Code   680  gizwits_protocol.o(.text)
    gizReportData                            0x0800377d   Thumb Code   136  gizwits_protocol.o(.text)
    gizDevReportPolicy                       0x08003805   Thumb Code   120  gizwits_protocol.o(.text)
    gizProtocolGetOnePacket                  0x0800387d   Thumb Code   358  gizwits_protocol.o(.text)
    gizProtocolResendData                    0x080039e3   Thumb Code    60  gizwits_protocol.o(.text)
    gizProtocolWaitAckCheck                  0x08003a1f   Thumb Code    48  gizwits_protocol.o(.text)
    gizProtocolCommonAck                     0x08003a4f   Thumb Code    86  gizwits_protocol.o(.text)
    gizProtocolAckHandle                     0x08003aa5   Thumb Code    96  gizwits_protocol.o(.text)
    gizProtocolGetDeviceInfo                 0x08003b05   Thumb Code   622  gizwits_protocol.o(.text)
    gizProtocolErrorCmd                      0x08003d73   Thumb Code    92  gizwits_protocol.o(.text)
    gizProtocolNTP                           0x08003dcf   Thumb Code   114  gizwits_protocol.o(.text)
    gizProtocolReboot                        0x08003e41   Thumb Code    28  gizwits_protocol.o(.text)
    gizProtocolModuleStatus                  0x08003e5d   Thumb Code  1342  gizwits_protocol.o(.text)
    .text                                    0x08004a50   Section        0  memcpya.o(.text)
    .text                                    0x08004a74   Section        0  memseta.o(.text)
    .text                                    0x08004a98   Section        0  fadd.o(.text)
    .text                                    0x08004b48   Section        0  fmul.o(.text)
    .text                                    0x08004bac   Section        0  fdiv.o(.text)
    .text                                    0x08004c28   Section        0  ffltui.o(.text)
    .text                                    0x08004c32   Section        0  ffixui.o(.text)
    .text                                    0x08004c5a   Section        0  uidiv.o(.text)
    .text                                    0x08004c86   Section        0  iusefp.o(.text)
    .text                                    0x08004c86   Section        0  fepilogue.o(.text)
    .text                                    0x08004cf4   Section       36  init.o(.text)
    i.__0printf$6                            0x08004d18   Section        0  printf6.o(i.__0printf$6)
    i.__scatterload_copy                     0x08004d38   Section       14  handlers.o(i.__scatterload_copy)
    i.__scatterload_null                     0x08004d46   Section        2  handlers.o(i.__scatterload_null)
    i.__scatterload_zeroinit                 0x08004d48   Section       14  handlers.o(i.__scatterload_zeroinit)
    i._printf_core                           0x08004d58   Section        0  printf6.o(i._printf_core)
    _printf_core                             0x08004d59   Thumb Code   748  printf6.o(i._printf_core)
    i._printf_post_padding                   0x08005048   Section        0  printf6.o(i._printf_post_padding)
    _printf_post_padding                     0x08005049   Thumb Code    36  printf6.o(i._printf_post_padding)
    i._printf_pre_padding                    0x0800506c   Section        0  printf6.o(i._printf_pre_padding)
    _printf_pre_padding                      0x0800506d   Thumb Code    46  printf6.o(i._printf_pre_padding)
    .conststring                             0x0800509c   Section       65  gizwits_protocol.o(.conststring)
    .data                                    0x20000000   Section       20  system_stm32f10x.o(.data)
    .data                                    0x20000014   Section       20  stm32f10x_rcc.o(.data)
    APBAHBPrescTable                         0x20000014   Data          16  stm32f10x_rcc.o(.data)
    ADCPrescTable                            0x20000024   Data           4  stm32f10x_rcc.o(.data)
    .data                                    0x20000028   Section        8  main.o(.data)
    .data                                    0x20000030   Section        9  hal_key.o(.data)
    keyTotolNum                              0x20000031   Data           1  hal_key.o(.data)
    keyCheck                                 0x20000032   Data           1  hal_key.o(.data)
    keyState                                 0x20000033   Data           1  hal_key.o(.data)
    keyLongCheck                             0x20000034   Data           2  hal_key.o(.data)
    keyPrev                                  0x20000036   Data           2  hal_key.o(.data)
    key_total                                0x20000038   Data           1  hal_key.o(.data)
    .data                                    0x2000003c   Section        4  gizwits_product.o(.data)
    timerMsCount                             0x2000003c   Data           4  gizwits_product.o(.data)
    .data                                    0x20000040   Section       12  gizwits_protocol.o(.data)
    lastReportTime                           0x20000040   Data           4  gizwits_protocol.o(.data)
    protocolFlag                             0x20000044   Data           1  gizwits_protocol.o(.data)
    protocolCount                            0x20000046   Data           2  gizwits_protocol.o(.data)
    lastData                                 0x20000048   Data           1  gizwits_protocol.o(.data)
    debugCount                               0x20000049   Data           1  gizwits_protocol.o(.data)
    lastStatus                               0x2000004a   Data           2  gizwits_protocol.o(.data)
    .data                                    0x2000004c   Section        4  stdout.o(.data)
    .bss                                     0x20000050   Section       55  main.o(.bss)
    .bss                                     0x20000087   Section      213  gizwits_protocol.o(.bss)
    rbBuf                                    0x2000013e   Data          30  gizwits_protocol.o(.bss)
    STACK                                    0x20000160   Section     4096  startup_stm32f10x_md.o(STACK)

    Global Symbols

    Symbol Name                              Value     Ov Type        Size  Object(Section)

    BuildAttributes$$THM_ISAv4$P$D$K$B$S$PE$A:L22UL41UL21$X:L11$S22US41US21$IEEE1$IW$USESV6$~STKCKD$USESV7$~SHL$OTIME$ROPI$EBA8$MICROLIB$REQ8$PRES8$EABIv2 0x00000000   Number         0  anon$$obj.o ABSOLUTE
    __ARM_use_no_argv                        0x00000000   Number         0  main.o ABSOLUTE
    _printf_a                                0x00000000   Number         0  stubs.o ABSOLUTE
    _printf_c                                0x00000000   Number         0  stubs.o ABSOLUTE
    _printf_charcount                        0x00000000   Number         0  stubs.o ABSOLUTE
    _printf_d                                0x00000000   Number         0  stubs.o ABSOLUTE
    _printf_e                                0x00000000   Number         0  stubs.o ABSOLUTE
    _printf_f                                0x00000000   Number         0  stubs.o ABSOLUTE
    _printf_flags                            0x00000000   Number         0  stubs.o ABSOLUTE
    _printf_fp_dec                           0x00000000   Number         0  stubs.o ABSOLUTE
    _printf_fp_hex                           0x00000000   Number         0  stubs.o ABSOLUTE
    _printf_g                                0x00000000   Number         0  stubs.o ABSOLUTE
    _printf_i                                0x00000000   Number         0  stubs.o ABSOLUTE
    _printf_int_dec                          0x00000000   Number         0  stubs.o ABSOLUTE
    _printf_l                                0x00000000   Number         0  stubs.o ABSOLUTE
    _printf_lc                               0x00000000   Number         0  stubs.o ABSOLUTE
    _printf_ll                               0x00000000   Number         0  stubs.o ABSOLUTE
    _printf_lld                              0x00000000   Number         0  stubs.o ABSOLUTE
    _printf_lli                              0x00000000   Number         0  stubs.o ABSOLUTE
    _printf_llo                              0x00000000   Number         0  stubs.o ABSOLUTE
    _printf_llu                              0x00000000   Number         0  stubs.o ABSOLUTE
    _printf_llx                              0x00000000   Number         0  stubs.o ABSOLUTE
    _printf_longlong_dec                     0x00000000   Number         0  stubs.o ABSOLUTE
    _printf_longlong_hex                     0x00000000   Number         0  stubs.o ABSOLUTE
    _printf_longlong_oct                     0x00000000   Number         0  stubs.o ABSOLUTE
    _printf_ls                               0x00000000   Number         0  stubs.o ABSOLUTE
    _printf_mbtowc                           0x00000000   Number         0  stubs.o ABSOLUTE
    _printf_n                                0x00000000   Number         0  stubs.o ABSOLUTE
    _printf_o                                0x00000000   Number         0  stubs.o ABSOLUTE
    _printf_p                                0x00000000   Number         0  stubs.o ABSOLUTE
    _printf_percent                          0x00000000   Number         0  stubs.o ABSOLUTE
    _printf_pre_padding                      0x00000000   Number         0  stubs.o ABSOLUTE
    _printf_return_value                     0x00000000   Number         0  stubs.o ABSOLUTE
    _printf_s                                0x00000000   Number         0  stubs.o ABSOLUTE
    _printf_sizespec                         0x00000000   Number         0  stubs.o ABSOLUTE
    _printf_str                              0x00000000   Number         0  stubs.o ABSOLUTE
    _printf_truncate_signed                  0x00000000   Number         0  stubs.o ABSOLUTE
    _printf_truncate_unsigned                0x00000000   Number         0  stubs.o ABSOLUTE
    _printf_u                                0x00000000   Number         0  stubs.o ABSOLUTE
    _printf_wc                               0x00000000   Number         0  stubs.o ABSOLUTE
    _printf_wctomb                           0x00000000   Number         0  stubs.o ABSOLUTE
    _printf_widthprec                        0x00000000   Number         0  stubs.o ABSOLUTE
    _printf_x                                0x00000000   Number         0  stubs.o ABSOLUTE
    __cpp_initialize__aeabi_                  - Undefined Weak Reference
    __cxa_finalize                            - Undefined Weak Reference
    __decompress                              - Undefined Weak Reference
    _clock_init                               - Undefined Weak Reference
    _microlib_exit                            - Undefined Weak Reference
    __Vectors_Size                           0x000000ec   Number         0  startup_stm32f10x_md.o ABSOLUTE
    __Vectors                                0x08000000   Data           4  startup_stm32f10x_md.o(RESET)
    __Vectors_End                            0x080000ec   Data           0  startup_stm32f10x_md.o(RESET)
    __main                                   0x080000ed   Thumb Code     0  entry.o(.ARM.Collect$$$$00000000)
    _main_stk                                0x080000ed   Thumb Code     0  entry2.o(.ARM.Collect$$$$00000001)
    _main_scatterload                        0x080000f1   Thumb Code     0  entry5.o(.ARM.Collect$$$$00000004)
    __main_after_scatterload                 0x080000f5   Thumb Code     0  entry5.o(.ARM.Collect$$$$00000004)
    _main_clock                              0x080000f5   Thumb Code     0  entry7b.o(.ARM.Collect$$$$00000008)
    _main_cpp_init                           0x080000f5   Thumb Code     0  entry8b.o(.ARM.Collect$$$$0000000A)
    _main_init                               0x080000f5   Thumb Code     0  entry9a.o(.ARM.Collect$$$$0000000B)
    __rt_final_cpp                           0x080000fd   Thumb Code     0  entry10a.o(.ARM.Collect$$$$0000000D)
    __rt_final_exit                          0x080000fd   Thumb Code     0  entry11a.o(.ARM.Collect$$$$0000000F)
    Reset_Handler                            0x08000101   Thumb Code     8  startup_stm32f10x_md.o(.text)
    ADC1_2_IRQHandler                        0x0800011b   Thumb Code     0  startup_stm32f10x_md.o(.text)
    CAN1_RX1_IRQHandler                      0x0800011b   Thumb Code     0  startup_stm32f10x_md.o(.text)
    CAN1_SCE_IRQHandler                      0x0800011b   Thumb Code     0  startup_stm32f10x_md.o(.text)
    DMA1_Channel1_IRQHandler                 0x0800011b   Thumb Code     0  startup_stm32f10x_md.o(.text)
    DMA1_Channel2_IRQHandler                 0x0800011b   Thumb Code     0  startup_stm32f10x_md.o(.text)
    DMA1_Channel3_IRQHandler                 0x0800011b   Thumb Code     0  startup_stm32f10x_md.o(.text)
    DMA1_Channel4_IRQHandler                 0x0800011b   Thumb Code     0  startup_stm32f10x_md.o(.text)
    DMA1_Channel5_IRQHandler                 0x0800011b   Thumb Code     0  startup_stm32f10x_md.o(.text)
    DMA1_Channel6_IRQHandler                 0x0800011b   Thumb Code     0  startup_stm32f10x_md.o(.text)
    DMA1_Channel7_IRQHandler                 0x0800011b   Thumb Code     0  startup_stm32f10x_md.o(.text)
    EXTI0_IRQHandler                         0x0800011b   Thumb Code     0  startup_stm32f10x_md.o(.text)
    EXTI15_10_IRQHandler                     0x0800011b   Thumb Code     0  startup_stm32f10x_md.o(.text)
    EXTI1_IRQHandler                         0x0800011b   Thumb Code     0  startup_stm32f10x_md.o(.text)
    EXTI2_IRQHandler                         0x0800011b   Thumb Code     0  startup_stm32f10x_md.o(.text)
    EXTI3_IRQHandler                         0x0800011b   Thumb Code     0  startup_stm32f10x_md.o(.text)
    EXTI4_IRQHandler                         0x0800011b   Thumb Code     0  startup_stm32f10x_md.o(.text)
    EXTI9_5_IRQHandler                       0x0800011b   Thumb Code     0  startup_stm32f10x_md.o(.text)
    FLASH_IRQHandler                         0x0800011b   Thumb Code     0  startup_stm32f10x_md.o(.text)
    I2C1_ER_IRQHandler                       0x0800011b   Thumb Code     0  startup_stm32f10x_md.o(.text)
    I2C1_EV_IRQHandler                       0x0800011b   Thumb Code     0  startup_stm32f10x_md.o(.text)
    I2C2_ER_IRQHandler                       0x0800011b   Thumb Code     0  startup_stm32f10x_md.o(.text)
    I2C2_EV_IRQHandler                       0x0800011b   Thumb Code     0  startup_stm32f10x_md.o(.text)
    PVD_IRQHandler                           0x0800011b   Thumb Code     0  startup_stm32f10x_md.o(.text)
    RCC_IRQHandler                           0x0800011b   Thumb Code     0  startup_stm32f10x_md.o(.text)
    RTCAlarm_IRQHandler                      0x0800011b   Thumb Code     0  startup_stm32f10x_md.o(.text)
    SPI1_IRQHandler                          0x0800011b   Thumb Code     0  startup_stm32f10x_md.o(.text)
    SPI2_IRQHandler                          0x0800011b   Thumb Code     0  startup_stm32f10x_md.o(.text)
    TAMPER_IRQHandler                        0x0800011b   Thumb Code     0  startup_stm32f10x_md.o(.text)
    TIM1_BRK_IRQHandler                      0x0800011b   Thumb Code     0  startup_stm32f10x_md.o(.text)
    TIM1_CC_IRQHandler                       0x0800011b   Thumb Code     0  startup_stm32f10x_md.o(.text)
    TIM1_TRG_COM_IRQHandler                  0x0800011b   Thumb Code     0  startup_stm32f10x_md.o(.text)
    TIM1_UP_IRQHandler                       0x0800011b   Thumb Code     0  startup_stm32f10x_md.o(.text)
    TIM4_IRQHandler                          0x0800011b   Thumb Code     0  startup_stm32f10x_md.o(.text)
    USBWakeUp_IRQHandler                     0x0800011b   Thumb Code     0  startup_stm32f10x_md.o(.text)
    USB_HP_CAN1_TX_IRQHandler                0x0800011b   Thumb Code     0  startup_stm32f10x_md.o(.text)
    USB_LP_CAN1_RX0_IRQHandler               0x0800011b   Thumb Code     0  startup_stm32f10x_md.o(.text)
    WWDG_IRQHandler                          0x0800011b   Thumb Code     0  startup_stm32f10x_md.o(.text)
    SystemInit                               0x08000203   Thumb Code    78  system_stm32f10x.o(.text)
    SystemCoreClockUpdate                    0x08000251   Thumb Code   142  system_stm32f10x.o(.text)
    NVIC_PriorityGroupConfig                 0x08000305   Thumb Code    10  misc.o(.text)
    NVIC_Init                                0x0800030f   Thumb Code   100  misc.o(.text)
    NVIC_SetVectorTable                      0x08000373   Thumb Code    14  misc.o(.text)
    NVIC_SystemLPConfig                      0x08000381   Thumb Code    34  misc.o(.text)
    SysTick_CLKSourceConfig                  0x080003a3   Thumb Code    40  misc.o(.text)
    GPIO_DeInit                              0x080003e1   Thumb Code   172  stm32f10x_gpio.o(.text)
    GPIO_AFIODeInit                          0x0800048d   Thumb Code    20  stm32f10x_gpio.o(.text)
    GPIO_Init                                0x080004a1   Thumb Code   278  stm32f10x_gpio.o(.text)
    GPIO_StructInit                          0x080005b7   Thumb Code    16  stm32f10x_gpio.o(.text)
    GPIO_ReadInputDataBit                    0x080005c7   Thumb Code    18  stm32f10x_gpio.o(.text)
    GPIO_ReadInputData                       0x080005d9   Thumb Code     8  stm32f10x_gpio.o(.text)
    GPIO_ReadOutputDataBit                   0x080005e1   Thumb Code    18  stm32f10x_gpio.o(.text)
    GPIO_ReadOutputData                      0x080005f3   Thumb Code     8  stm32f10x_gpio.o(.text)
    GPIO_SetBits                             0x080005fb   Thumb Code     4  stm32f10x_gpio.o(.text)
    GPIO_ResetBits                           0x080005ff   Thumb Code     4  stm32f10x_gpio.o(.text)
    GPIO_WriteBit                            0x08000603   Thumb Code    10  stm32f10x_gpio.o(.text)
    GPIO_Write                               0x0800060d   Thumb Code     4  stm32f10x_gpio.o(.text)
    GPIO_PinLockConfig                       0x08000611   Thumb Code    18  stm32f10x_gpio.o(.text)
    GPIO_EventOutputConfig                   0x08000623   Thumb Code    26  stm32f10x_gpio.o(.text)
    GPIO_EventOutputCmd                      0x0800063d   Thumb Code     6  stm32f10x_gpio.o(.text)
    GPIO_PinRemapConfig                      0x08000643   Thumb Code   138  stm32f10x_gpio.o(.text)
    GPIO_EXTILineConfig                      0x080006cd   Thumb Code    66  stm32f10x_gpio.o(.text)
    GPIO_ETH_MediaInterfaceConfig            0x0800070f   Thumb Code     8  stm32f10x_gpio.o(.text)
    IWDG_WriteAccessCmd                      0x0800073d   Thumb Code     6  stm32f10x_iwdg.o(.text)
    IWDG_SetPrescaler                        0x08000743   Thumb Code     6  stm32f10x_iwdg.o(.text)
    IWDG_SetReload                           0x08000749   Thumb Code     6  stm32f10x_iwdg.o(.text)
    IWDG_ReloadCounter                       0x0800074f   Thumb Code    10  stm32f10x_iwdg.o(.text)
    IWDG_Enable                              0x08000759   Thumb Code    10  stm32f10x_iwdg.o(.text)
    IWDG_GetFlagStatus                       0x08000763   Thumb Code    20  stm32f10x_iwdg.o(.text)
    RCC_DeInit                               0x0800077d   Thumb Code    64  stm32f10x_rcc.o(.text)
    RCC_HSEConfig                            0x080007bd   Thumb Code    70  stm32f10x_rcc.o(.text)
    RCC_GetFlagStatus                        0x08000803   Thumb Code    56  stm32f10x_rcc.o(.text)
    RCC_WaitForHSEStartUp                    0x0800083b   Thumb Code    56  stm32f10x_rcc.o(.text)
    RCC_AdjustHSICalibrationValue            0x08000873   Thumb Code    20  stm32f10x_rcc.o(.text)
    RCC_HSICmd                               0x08000887   Thumb Code     6  stm32f10x_rcc.o(.text)
    RCC_PLLConfig                            0x0800088d   Thumb Code    24  stm32f10x_rcc.o(.text)
    RCC_PLLCmd                               0x080008a5   Thumb Code     6  stm32f10x_rcc.o(.text)
    RCC_SYSCLKConfig                         0x080008ab   Thumb Code    18  stm32f10x_rcc.o(.text)
    RCC_GetSYSCLKSource                      0x080008bd   Thumb Code    10  stm32f10x_rcc.o(.text)
    RCC_HCLKConfig                           0x080008c7   Thumb Code    18  stm32f10x_rcc.o(.text)
    RCC_PCLK1Config                          0x080008d9   Thumb Code    18  stm32f10x_rcc.o(.text)
    RCC_PCLK2Config                          0x080008eb   Thumb Code    20  stm32f10x_rcc.o(.text)
    RCC_ITConfig                             0x080008ff   Thumb Code    26  stm32f10x_rcc.o(.text)
    RCC_USBCLKConfig                         0x08000919   Thumb Code     8  stm32f10x_rcc.o(.text)
    RCC_ADCCLKConfig                         0x08000921   Thumb Code    18  stm32f10x_rcc.o(.text)
    RCC_LSEConfig                            0x08000933   Thumb Code    50  stm32f10x_rcc.o(.text)
    RCC_LSICmd                               0x08000965   Thumb Code     6  stm32f10x_rcc.o(.text)
    RCC_RTCCLKConfig                         0x0800096b   Thumb Code    12  stm32f10x_rcc.o(.text)
    RCC_RTCCLKCmd                            0x08000977   Thumb Code     8  stm32f10x_rcc.o(.text)
    RCC_GetClocksFreq                        0x0800097f   Thumb Code   192  stm32f10x_rcc.o(.text)
    RCC_AHBPeriphClockCmd                    0x08000a3f   Thumb Code    26  stm32f10x_rcc.o(.text)
    RCC_APB2PeriphClockCmd                   0x08000a59   Thumb Code    26  stm32f10x_rcc.o(.text)
    RCC_APB1PeriphClockCmd                   0x08000a73   Thumb Code    26  stm32f10x_rcc.o(.text)
    RCC_APB2PeriphResetCmd                   0x08000a8d   Thumb Code    26  stm32f10x_rcc.o(.text)
    RCC_APB1PeriphResetCmd                   0x08000aa7   Thumb Code    26  stm32f10x_rcc.o(.text)
    RCC_BackupResetCmd                       0x08000ac1   Thumb Code     8  stm32f10x_rcc.o(.text)
    RCC_ClockSecuritySystemCmd               0x08000ac9   Thumb Code     6  stm32f10x_rcc.o(.text)
    RCC_MCOConfig                            0x08000acf   Thumb Code     6  stm32f10x_rcc.o(.text)
    RCC_ClearFlag                            0x08000ad5   Thumb Code    14  stm32f10x_rcc.o(.text)
    RCC_GetITStatus                          0x08000ae3   Thumb Code    20  stm32f10x_rcc.o(.text)
    RCC_ClearITPendingBit                    0x08000af7   Thumb Code     6  stm32f10x_rcc.o(.text)
    RTC_ITConfig                             0x08000b21   Thumb Code    26  stm32f10x_rtc.o(.text)
    RTC_EnterConfigMode                      0x08000b3b   Thumb Code    18  stm32f10x_rtc.o(.text)
    RTC_ExitConfigMode                       0x08000b4d   Thumb Code    20  stm32f10x_rtc.o(.text)
    RTC_GetCounter                           0x08000b61   Thumb Code    18  stm32f10x_rtc.o(.text)
    RTC_SetCounter                           0x08000b73   Thumb Code    26  stm32f10x_rtc.o(.text)
    RTC_SetPrescaler                         0x08000b8d   Thumb Code    28  stm32f10x_rtc.o(.text)
    RTC_SetAlarm                             0x08000ba9   Thumb Code    26  stm32f10x_rtc.o(.text)
    RTC_GetDivider                           0x08000bc3   Thumb Code    22  stm32f10x_rtc.o(.text)
    RTC_WaitForLastTask                      0x08000bd9   Thumb Code    18  stm32f10x_rtc.o(.text)
    RTC_WaitForSynchro                       0x08000beb   Thumb Code    36  stm32f10x_rtc.o(.text)
    RTC_GetFlagStatus                        0x08000c0f   Thumb Code    22  stm32f10x_rtc.o(.text)
    RTC_ClearFlag                            0x08000c25   Thumb Code    16  stm32f10x_rtc.o(.text)
    RTC_GetITStatus                          0x08000c35   Thumb Code    32  stm32f10x_rtc.o(.text)
    RTC_ClearITPendingBit                    0x08000c55   Thumb Code    16  stm32f10x_rtc.o(.text)
    TIM_DeInit                               0x08000c69   Thumb Code   424  stm32f10x_tim.o(.text)
    TIM_TimeBaseInit                         0x08000e11   Thumb Code   122  stm32f10x_tim.o(.text)
    TIM_OC1Init                              0x08000e8b   Thumb Code   132  stm32f10x_tim.o(.text)
    TIM_OC2Init                              0x08000f0f   Thumb Code   154  stm32f10x_tim.o(.text)
    TIM_OC3Init                              0x08000fa9   Thumb Code   150  stm32f10x_tim.o(.text)
    TIM_OC4Init                              0x0800103f   Thumb Code   182  stm32f10x_tim.o(.text)
    TIM_SetIC4Prescaler                      0x080010f5   Thumb Code    26  stm32f10x_tim.o(.text)
    TIM_SetIC3Prescaler                      0x08001191   Thumb Code    18  stm32f10x_tim.o(.text)
    TIM_SetIC2Prescaler                      0x0800121d   Thumb Code    26  stm32f10x_tim.o(.text)
    TIM_SetIC1Prescaler                      0x080012b9   Thumb Code    18  stm32f10x_tim.o(.text)
    TIM_ICInit                               0x08001337   Thumb Code   150  stm32f10x_tim.o(.text)
    TIM_PWMIConfig                           0x080013cd   Thumb Code   124  stm32f10x_tim.o(.text)
    TIM_BDTRConfig                           0x08001449   Thumb Code    32  stm32f10x_tim.o(.text)
    TIM_TimeBaseStructInit                   0x08001469   Thumb Code    18  stm32f10x_tim.o(.text)
    TIM_OCStructInit                         0x0800147b   Thumb Code    20  stm32f10x_tim.o(.text)
    TIM_ICStructInit                         0x0800148f   Thumb Code    18  stm32f10x_tim.o(.text)
    TIM_BDTRStructInit                       0x080014a1   Thumb Code    40  stm32f10x_tim.o(.text)
    TIM_Cmd                                  0x080014c9   Thumb Code    24  stm32f10x_tim.o(.text)
    TIM_CtrlPWMOutputs                       0x080014e1   Thumb Code    30  stm32f10x_tim.o(.text)
    TIM_ITConfig                             0x080014ff   Thumb Code    18  stm32f10x_tim.o(.text)
    TIM_GenerateEvent                        0x08001511   Thumb Code     4  stm32f10x_tim.o(.text)
    TIM_DMAConfig                            0x08001515   Thumb Code    10  stm32f10x_tim.o(.text)
    TIM_DMACmd                               0x0800151f   Thumb Code    18  stm32f10x_tim.o(.text)
    TIM_InternalClockConfig                  0x08001531   Thumb Code    12  stm32f10x_tim.o(.text)
    TIM_SelectInputTrigger                   0x0800153d   Thumb Code    18  stm32f10x_tim.o(.text)
    TIM_ITRxExternalClockConfig              0x0800154f   Thumb Code    24  stm32f10x_tim.o(.text)
    TIM_TIxExternalClockConfig               0x08001567   Thumb Code    62  stm32f10x_tim.o(.text)
    TIM_ETRConfig                            0x080015a5   Thumb Code    28  stm32f10x_tim.o(.text)
    TIM_ETRClockMode1Config                  0x080015c1   Thumb Code    54  stm32f10x_tim.o(.text)
    TIM_ETRClockMode2Config                  0x080015f7   Thumb Code    32  stm32f10x_tim.o(.text)
    TIM_PrescalerConfig                      0x08001617   Thumb Code     6  stm32f10x_tim.o(.text)
    TIM_CounterModeConfig                    0x0800161d   Thumb Code    18  stm32f10x_tim.o(.text)
    TIM_EncoderInterfaceConfig               0x0800162f   Thumb Code    66  stm32f10x_tim.o(.text)
    TIM_ForcedOC1Config                      0x08001671   Thumb Code    18  stm32f10x_tim.o(.text)
    TIM_ForcedOC2Config                      0x08001683   Thumb Code    26  stm32f10x_tim.o(.text)
    TIM_ForcedOC3Config                      0x0800169d   Thumb Code    18  stm32f10x_tim.o(.text)
    TIM_ForcedOC4Config                      0x080016af   Thumb Code    26  stm32f10x_tim.o(.text)
    TIM_ARRPreloadConfig                     0x080016c9   Thumb Code    24  stm32f10x_tim.o(.text)
    TIM_SelectCOM                            0x080016e1   Thumb Code    24  stm32f10x_tim.o(.text)
    TIM_SelectCCDMA                          0x080016f9   Thumb Code    24  stm32f10x_tim.o(.text)
    TIM_CCPreloadControl                     0x08001711   Thumb Code    24  stm32f10x_tim.o(.text)
    TIM_OC1PreloadConfig                     0x08001729   Thumb Code    18  stm32f10x_tim.o(.text)
    TIM_OC2PreloadConfig                     0x0800173b   Thumb Code    26  stm32f10x_tim.o(.text)
    TIM_OC3PreloadConfig                     0x08001755   Thumb Code    18  stm32f10x_tim.o(.text)
    TIM_OC4PreloadConfig                     0x08001767   Thumb Code    26  stm32f10x_tim.o(.text)
    TIM_OC1FastConfig                        0x08001781   Thumb Code    18  stm32f10x_tim.o(.text)
    TIM_OC2FastConfig                        0x08001793   Thumb Code    26  stm32f10x_tim.o(.text)
    TIM_OC3FastConfig                        0x080017ad   Thumb Code    18  stm32f10x_tim.o(.text)
    TIM_OC4FastConfig                        0x080017bf   Thumb Code    26  stm32f10x_tim.o(.text)
    TIM_ClearOC1Ref                          0x080017d9   Thumb Code    18  stm32f10x_tim.o(.text)
    TIM_ClearOC2Ref                          0x080017eb   Thumb Code    24  stm32f10x_tim.o(.text)
    TIM_ClearOC3Ref                          0x08001803   Thumb Code    18  stm32f10x_tim.o(.text)
    TIM_ClearOC4Ref                          0x08001815   Thumb Code    24  stm32f10x_tim.o(.text)
    TIM_OC1PolarityConfig                    0x0800182d   Thumb Code    18  stm32f10x_tim.o(.text)
    TIM_OC1NPolarityConfig                   0x0800183f   Thumb Code    18  stm32f10x_tim.o(.text)
    TIM_OC2PolarityConfig                    0x08001851   Thumb Code    26  stm32f10x_tim.o(.text)
    TIM_OC2NPolarityConfig                   0x0800186b   Thumb Code    26  stm32f10x_tim.o(.text)
    TIM_OC3PolarityConfig                    0x08001885   Thumb Code    26  stm32f10x_tim.o(.text)
    TIM_OC3NPolarityConfig                   0x0800189f   Thumb Code    26  stm32f10x_tim.o(.text)
    TIM_OC4PolarityConfig                    0x080018b9   Thumb Code    26  stm32f10x_tim.o(.text)
    TIM_CCxCmd                               0x080018d3   Thumb Code    30  stm32f10x_tim.o(.text)
    TIM_CCxNCmd                              0x080018f1   Thumb Code    30  stm32f10x_tim.o(.text)
    TIM_SelectOCxM                           0x0800190f   Thumb Code    82  stm32f10x_tim.o(.text)
    TIM_UpdateDisableConfig                  0x08001961   Thumb Code    24  stm32f10x_tim.o(.text)
    TIM_UpdateRequestConfig                  0x08001979   Thumb Code    24  stm32f10x_tim.o(.text)
    TIM_SelectHallSensor                     0x08001991   Thumb Code    24  stm32f10x_tim.o(.text)
    TIM_SelectOnePulseMode                   0x080019a9   Thumb Code    18  stm32f10x_tim.o(.text)
    TIM_SelectOutputTrigger                  0x080019bb   Thumb Code    18  stm32f10x_tim.o(.text)
    TIM_SelectSlaveMode                      0x080019cd   Thumb Code    18  stm32f10x_tim.o(.text)
    TIM_SelectMasterSlaveMode                0x080019df   Thumb Code    18  stm32f10x_tim.o(.text)
    TIM_SetCounter                           0x080019f1   Thumb Code     4  stm32f10x_tim.o(.text)
    TIM_SetAutoreload                        0x080019f5   Thumb Code     4  stm32f10x_tim.o(.text)
    TIM_SetCompare1                          0x080019f9   Thumb Code     4  stm32f10x_tim.o(.text)
    TIM_SetCompare2                          0x080019fd   Thumb Code     4  stm32f10x_tim.o(.text)
    TIM_SetCompare3                          0x08001a01   Thumb Code     4  stm32f10x_tim.o(.text)
    TIM_SetCompare4                          0x08001a05   Thumb Code     6  stm32f10x_tim.o(.text)
    TIM_SetClockDivision                     0x08001a0b   Thumb Code    18  stm32f10x_tim.o(.text)
    TIM_GetCapture1                          0x08001a1d   Thumb Code     6  stm32f10x_tim.o(.text)
    TIM_GetCapture2                          0x08001a23   Thumb Code     6  stm32f10x_tim.o(.text)
    TIM_GetCapture3                          0x08001a29   Thumb Code     6  stm32f10x_tim.o(.text)
    TIM_GetCapture4                          0x08001a2f   Thumb Code     8  stm32f10x_tim.o(.text)
    TIM_GetCounter                           0x08001a37   Thumb Code     6  stm32f10x_tim.o(.text)
    TIM_GetPrescaler                         0x08001a3d   Thumb Code     6  stm32f10x_tim.o(.text)
    TIM_GetFlagStatus                        0x08001a43   Thumb Code    18  stm32f10x_tim.o(.text)
    TIM_ClearFlag                            0x08001a55   Thumb Code     6  stm32f10x_tim.o(.text)
    TIM_GetITStatus                          0x08001a5b   Thumb Code    34  stm32f10x_tim.o(.text)
    TIM_ClearITPendingBit                    0x08001a7d   Thumb Code     6  stm32f10x_tim.o(.text)
    USART_DeInit                             0x08001a85   Thumb Code   134  stm32f10x_usart.o(.text)
    USART_Init                               0x08001b0b   Thumb Code   210  stm32f10x_usart.o(.text)
    USART_StructInit                         0x08001bdd   Thumb Code    24  stm32f10x_usart.o(.text)
    USART_ClockInit                          0x08001bf5   Thumb Code    34  stm32f10x_usart.o(.text)
    USART_ClockStructInit                    0x08001c17   Thumb Code    12  stm32f10x_usart.o(.text)
    USART_Cmd                                0x08001c23   Thumb Code    24  stm32f10x_usart.o(.text)
    USART_ITConfig                           0x08001c3b   Thumb Code    74  stm32f10x_usart.o(.text)
    USART_DMACmd                             0x08001c85   Thumb Code    18  stm32f10x_usart.o(.text)
    USART_SetAddress                         0x08001c97   Thumb Code    18  stm32f10x_usart.o(.text)
    USART_WakeUpConfig                       0x08001ca9   Thumb Code    18  stm32f10x_usart.o(.text)
    USART_ReceiverWakeUpCmd                  0x08001cbb   Thumb Code    24  stm32f10x_usart.o(.text)
    USART_LINBreakDetectLengthConfig         0x08001cd3   Thumb Code    18  stm32f10x_usart.o(.text)
    USART_LINCmd                             0x08001ce5   Thumb Code    24  stm32f10x_usart.o(.text)
    USART_SendData                           0x08001cfd   Thumb Code     8  stm32f10x_usart.o(.text)
    USART_ReceiveData                        0x08001d05   Thumb Code    10  stm32f10x_usart.o(.text)
    USART_SendBreak                          0x08001d0f   Thumb Code    10  stm32f10x_usart.o(.text)
    USART_SetGuardTime                       0x08001d19   Thumb Code    16  stm32f10x_usart.o(.text)
    USART_SetPrescaler                       0x08001d29   Thumb Code    16  stm32f10x_usart.o(.text)
    USART_SmartCardCmd                       0x08001d39   Thumb Code    24  stm32f10x_usart.o(.text)
    USART_SmartCardNACKCmd                   0x08001d51   Thumb Code    24  stm32f10x_usart.o(.text)
    USART_HalfDuplexCmd                      0x08001d69   Thumb Code    24  stm32f10x_usart.o(.text)
    USART_OverSampling8Cmd                   0x08001d81   Thumb Code    22  stm32f10x_usart.o(.text)
    USART_OneBitMethodCmd                    0x08001d97   Thumb Code    24  stm32f10x_usart.o(.text)
    USART_IrDAConfig                         0x08001daf   Thumb Code    18  stm32f10x_usart.o(.text)
    USART_IrDACmd                            0x08001dc1   Thumb Code    24  stm32f10x_usart.o(.text)
    USART_GetFlagStatus                      0x08001dd9   Thumb Code    26  stm32f10x_usart.o(.text)
    USART_ClearFlag                          0x08001df3   Thumb Code    18  stm32f10x_usart.o(.text)
    USART_GetITStatus                        0x08001e05   Thumb Code    84  stm32f10x_usart.o(.text)
    USART_ClearITPendingBit                  0x08001e59   Thumb Code    52  stm32f10x_usart.o(.text)
    userInit                                 0x08001e8d   Thumb Code    30  main.o(.text)
    userHandle                               0x08001eab   Thumb Code     2  main.o(.text)
    key1ShortPress                           0x08001ead   Thumb Code    16  main.o(.text)
    key1LongPress                            0x08001ebd   Thumb Code    16  main.o(.text)
    key2ShortPress                           0x08001ecd   Thumb Code    26  main.o(.text)
    key2LongPress                            0x08001ee7   Thumb Code    26  main.o(.text)
    keyInit                                  0x08001f01   Thumb Code    96  main.o(.text)
    main                                     0x08001f61   Thumb Code    48  main.o(.text)
    NMI_Handler                              0x08002035   Thumb Code     2  stm32f10x_it.o(.text)
    HardFault_Handler                        0x08002037   Thumb Code     4  stm32f10x_it.o(.text)
    MemManage_Handler                        0x0800203b   Thumb Code     4  stm32f10x_it.o(.text)
    BusFault_Handler                         0x0800203f   Thumb Code     4  stm32f10x_it.o(.text)
    UsageFault_Handler                       0x08002043   Thumb Code     4  stm32f10x_it.o(.text)
    SVC_Handler                              0x08002047   Thumb Code     2  stm32f10x_it.o(.text)
    DebugMon_Handler                         0x08002049   Thumb Code     2  stm32f10x_it.o(.text)
    PendSV_Handler                           0x0800204b   Thumb Code     2  stm32f10x_it.o(.text)
    SysTick_Handler                          0x0800204d   Thumb Code    10  stm32f10x_it.o(.text)
    USART1_IRQHandler                        0x08002057   Thumb Code    56  stm32f10x_it.o(.text)
    USART3_IRQHandler                        0x0800208f   Thumb Code    56  stm32f10x_it.o(.text)
    RTC_IRQHandler                           0x080020c7   Thumb Code    18  stm32f10x_it.o(.text)
    getKey                                   0x080020e1   Thumb Code    94  hal_key.o(.text)
    readKeyValue                             0x0800213f   Thumb Code   222  hal_key.o(.text)
    keyHandle                                0x0800221d   Thumb Code   188  hal_key.o(.text)
    TIM2_IRQHandler                          0x080022d9   Thumb Code    28  hal_key.o(.text)
    timer2Init                               0x080022f5   Thumb Code    92  hal_key.o(.text)
    keyInitOne                               0x08002351   Thumb Code    82  hal_key.o(.text)
    keyParaInit                              0x080023a3   Thumb Code   130  hal_key.o(.text)
    uartGpioInit                             0x08002445   Thumb Code   160  hal_uart.o(.text)
    uartConfig                               0x080024e5   Thumb Code   136  hal_uart.o(.text)
    nvicConfiguration                        0x0800256d   Thumb Code    60  hal_uart.o(.text)
    uart1SendData                            0x080025a9   Thumb Code    28  hal_uart.o(.text)
    uartxInit                                0x080025c5   Thumb Code    16  hal_uart.o(.text)
    fputc                                    0x080025d5   Thumb Code    32  hal_uart.o(.text)
    watchdogInit                             0x08002609   Thumb Code    44  hal_watchdog.o(.text)
    watchdogFeed                             0x08002635   Thumb Code    10  hal_watchdog.o(.text)
    rgbKeyGpioInit                           0x08002645   Thumb Code    44  hal_rgb_led.o(.text)
    ledDelay                                 0x08002671   Thumb Code    24  hal_rgb_led.o(.text)
    clkProduce                               0x08002689   Thumb Code    36  hal_rgb_led.o(.text)
    send32Zero                               0x080026ad   Thumb Code    30  hal_rgb_led.o(.text)
    takeAntiCode                             0x080026cb   Thumb Code    12  hal_rgb_led.o(.text)
    datSend                                  0x080026d7   Thumb Code    52  hal_rgb_led.o(.text)
    dataDealWithAndSend                      0x0800270b   Thumb Code    66  hal_rgb_led.o(.text)
    rgbLedInit                               0x0800274d   Thumb Code    64  hal_rgb_led.o(.text)
    ledRgbControl                            0x0800278d   Thumb Code    42  hal_rgb_led.o(.text)
    gizwitsEventProcess                      0x080027c1   Thumb Code   362  gizwits_product.o(.text)
    gizTimerMs                               0x0800292b   Thumb Code    12  gizwits_product.o(.text)
    gizGetTimerCount                         0x08002937   Thumb Code     6  gizwits_product.o(.text)
    mcuRestart                               0x0800293d   Thumb Code    38  gizwits_product.o(.text)
    TIM3_IRQHandler                          0x08002963   Thumb Code    26  gizwits_product.o(.text)
    timerInit                                0x0800297d   Thumb Code    92  gizwits_product.o(.text)
    USART2_IRQHandler                        0x080029d9   Thumb Code    48  gizwits_product.o(.text)
    uartWrite                                0x08002a09   Thumb Code    82  gizwits_product.o(.text)
    uartInit                                 0x08002a5b   Thumb Code   172  gizwits_product.o(.text)
    gizPutData                               0x08002dfb   Thumb Code    52  gizwits_protocol.o(.text)
    gizwitsInit                              0x0800439b   Thumb Code    28  gizwits_protocol.o(.text)
    gizwitsSetMode                           0x080043b7   Thumb Code   510  gizwits_protocol.o(.text)
    gizwitsGetNTP                            0x080045b5   Thumb Code    94  gizwits_protocol.o(.text)
    gizwitsHandle                            0x08004613   Thumb Code   744  gizwits_protocol.o(.text)
    gizwitsPassthroughData                   0x080048fb   Thumb Code   170  gizwits_protocol.o(.text)
    __aeabi_memcpy                           0x08004a51   Thumb Code    36  memcpya.o(.text)
    __aeabi_memcpy4                          0x08004a51   Thumb Code     0  memcpya.o(.text)
    __aeabi_memcpy8                          0x08004a51   Thumb Code     0  memcpya.o(.text)
    __aeabi_memset                           0x08004a75   Thumb Code    14  memseta.o(.text)
    __aeabi_memset4                          0x08004a75   Thumb Code     0  memseta.o(.text)
    __aeabi_memset8                          0x08004a75   Thumb Code     0  memseta.o(.text)
    __aeabi_memclr                           0x08004a83   Thumb Code     4  memseta.o(.text)
    __aeabi_memclr4                          0x08004a83   Thumb Code     0  memseta.o(.text)
    __aeabi_memclr8                          0x08004a83   Thumb Code     0  memseta.o(.text)
    _memset$wrapper                          0x08004a87   Thumb Code    18  memseta.o(.text)
    __aeabi_fadd                             0x08004a99   Thumb Code   164  fadd.o(.text)
    __aeabi_fsub                             0x08004b3d   Thumb Code     6  fadd.o(.text)
    __aeabi_frsub                            0x08004b43   Thumb Code     6  fadd.o(.text)
    __aeabi_fmul                             0x08004b49   Thumb Code   100  fmul.o(.text)
    __aeabi_fdiv                             0x08004bad   Thumb Code   124  fdiv.o(.text)
    __aeabi_ui2f                             0x08004c29   Thumb Code    10  ffltui.o(.text)
    __aeabi_f2uiz                            0x08004c33   Thumb Code    40  ffixui.o(.text)
    __aeabi_uidiv                            0x08004c5b   Thumb Code     0  uidiv.o(.text)
    __aeabi_uidivmod                         0x08004c5b   Thumb Code    44  uidiv.o(.text)
    __I$use$fp                               0x08004c87   Thumb Code     0  iusefp.o(.text)
    _float_round                             0x08004c87   Thumb Code    18  fepilogue.o(.text)
    _float_epilogue                          0x08004c99   Thumb Code    92  fepilogue.o(.text)
    __scatterload                            0x08004cf5   Thumb Code    28  init.o(.text)
    __scatterload_rt2                        0x08004cf5   Thumb Code     0  init.o(.text)
    __0printf$6                              0x08004d19   Thumb Code    22  printf6.o(i.__0printf$6)
    __1printf$6                              0x08004d19   Thumb Code     0  printf6.o(i.__0printf$6)
    __2printf                                0x08004d19   Thumb Code     0  printf6.o(i.__0printf$6)
    __scatterload_copy                       0x08004d39   Thumb Code    14  handlers.o(i.__scatterload_copy)
    __scatterload_null                       0x08004d47   Thumb Code     2  handlers.o(i.__scatterload_null)
    __scatterload_zeroinit                   0x08004d49   Thumb Code    14  handlers.o(i.__scatterload_zeroinit)
    Region$$Table$$Base                      0x080050e0   Number         0  anon$$obj.o(Region$$Table)
    Region$$Table$$Limit                     0x08005100   Number         0  anon$$obj.o(Region$$Table)
    SystemCoreClock                          0x20000000   Data           4  system_stm32f10x.o(.data)
    AHBPrescTable                            0x20000004   Data          16  system_stm32f10x.o(.data)
    red                                      0x20000028   Data           1  main.o(.data)
    green                                    0x20000029   Data           1  main.o(.data)
    blue                                     0x2000002a   Data           1  main.o(.data)
    keys                                     0x2000002b   Data           5  main.o(.data)
    keyCountTime                             0x20000030   Data           1  hal_key.o(.data)
    __stdout                                 0x2000004c   Data           4  stdout.o(.data)
    currentDataPoint                         0x20000050   Data          13  main.o(.bss)
    singleKey                                0x2000005d   Data          42  main.o(.bss)
    gizwitsProtocol                          0x20000087   Data         167  gizwits_protocol.o(.bss)
    pRb                                      0x2000012e   Data          16  gizwits_protocol.o(.bss)
    __initial_sp                             0x20001160   Data           0  startup_stm32f10x_md.o(STACK)



==============================================================================

Memory Map of the image

  Image Entry point : 0x08000101

  Load Region LR_1 (Base: 0x08000000, Size: 0x00005150, Max: 0xffffffff, ABSOLUTE)

    Execution Region ER_RO (Base: 0x08000000, Size: 0x00005100, Max: 0xffffffff, ABSOLUTE)

    Base Addr    Size         Type   Attr      Idx    E Section Name        Object

    0x08000000   0x000000ec   Data   RO            3    RESET               startup_stm32f10x_md.o
    0x080000ec   0x00000000   Code   RO          573  * .ARM.Collect$$$$00000000  mc_w.l(entry.o)
    0x080000ec   0x00000004   Code   RO          853    .ARM.Collect$$$$00000001  mc_w.l(entry2.o)
    0x080000f0   0x00000004   Code   RO          856    .ARM.Collect$$$$00000004  mc_w.l(entry5.o)
    0x080000f4   0x00000000   Code   RO          858    .ARM.Collect$$$$00000008  mc_w.l(entry7b.o)
    0x080000f4   0x00000000   Code   RO          860    .ARM.Collect$$$$0000000A  mc_w.l(entry8b.o)
    0x080000f4   0x00000008   Code   RO          861    .ARM.Collect$$$$0000000B  mc_w.l(entry9a.o)
    0x080000fc   0x00000000   Code   RO          863    .ARM.Collect$$$$0000000D  mc_w.l(entry10a.o)
    0x080000fc   0x00000000   Code   RO          865    .ARM.Collect$$$$0000000F  mc_w.l(entry11a.o)
    0x080000fc   0x00000004   Code   RO          854    .ARM.Collect$$$$00002712  mc_w.l(entry2.o)
    0x08000100   0x00000024   Code   RO            4  * .text               startup_stm32f10x_md.o
    0x08000124   0x000001e0   Code   RO           24    .text               system_stm32f10x.o
    0x08000304   0x000000dc   Code   RO          121    .text               misc.o
    0x080003e0   0x0000035c   Code   RO          269    .text               stm32f10x_gpio.o
    0x0800073c   0x00000040   Code   RO          293    .text               stm32f10x_iwdg.o
    0x0800077c   0x000003a4   Code   RO          317    .text               stm32f10x_rcc.o
    0x08000b20   0x00000148   Code   RO          331    .text               stm32f10x_rtc.o
    0x08000c68   0x00000e1a   Code   RO          367    .text               stm32f10x_tim.o
    0x08001a82   0x00000002   PAD
    0x08001a84   0x00000408   Code   RO          379    .text               stm32f10x_usart.o
    0x08001e8c   0x000001a8   Code   RO          403    .text               main.o
    0x08002034   0x000000ac   Code   RO          450    .text               stm32f10x_it.o
    0x080020e0   0x00000364   Code   RO          465    .text               hal_key.o
    0x08002444   0x000001c4   Code   RO          489    .text               hal_uart.o
    0x08002608   0x0000003c   Code   RO          501    .text               hal_watchdog.o
    0x08002644   0x0000017c   Code   RO          516    .text               hal_rgb_led.o
    0x080027c0   0x00000424   Code   RO          528    .text               gizwits_product.o
    0x08002be4   0x00001e6c   Code   RO          556    .text               gizwits_protocol.o
    0x08004a50   0x00000024   Code   RO          576    .text               mc_w.l(memcpya.o)
    0x08004a74   0x00000024   Code   RO          578    .text               mc_w.l(memseta.o)
    0x08004a98   0x000000b0   Code   RO          843    .text               mf_w.l(fadd.o)
    0x08004b48   0x00000064   Code   RO          845    .text               mf_w.l(fmul.o)
    0x08004bac   0x0000007c   Code   RO          847    .text               mf_w.l(fdiv.o)
    0x08004c28   0x0000000a   Code   RO          849    .text               mf_w.l(ffltui.o)
    0x08004c32   0x00000028   Code   RO          851    .text               mf_w.l(ffixui.o)
    0x08004c5a   0x0000002c   Code   RO          868    .text               mc_w.l(uidiv.o)
    0x08004c86   0x00000000   Code   RO          872    .text               mc_w.l(iusefp.o)
    0x08004c86   0x0000006e   Code   RO          873    .text               mf_w.l(fepilogue.o)
    0x08004cf4   0x00000024   Code   RO          885    .text               mc_w.l(init.o)
    0x08004d18   0x00000020   Code   RO          737    i.__0printf$6       mc_w.l(printf6.o)
    0x08004d38   0x0000000e   Code   RO          897    i.__scatterload_copy  mc_w.l(handlers.o)
    0x08004d46   0x00000002   Code   RO          898    i.__scatterload_null  mc_w.l(handlers.o)
    0x08004d48   0x0000000e   Code   RO          899    i.__scatterload_zeroinit  mc_w.l(handlers.o)
    0x08004d56   0x00000002   PAD
    0x08004d58   0x000002f0   Code   RO          744    i._printf_core      mc_w.l(printf6.o)
    0x08005048   0x00000024   Code   RO          745    i._printf_post_padding  mc_w.l(printf6.o)
    0x0800506c   0x0000002e   Code   RO          746    i._printf_pre_padding  mc_w.l(printf6.o)
    0x0800509a   0x00000002   PAD
    0x0800509c   0x00000041   Data   RO          558    .conststring        gizwits_protocol.o
    0x080050dd   0x00000003   PAD
    0x080050e0   0x00000020   Data   RO          895    Region$$Table       anon$$obj.o


    Execution Region ER_RW (Base: 0x20000000, Size: 0x00000050, Max: 0xffffffff, ABSOLUTE)

    Base Addr    Size         Type   Attr      Idx    E Section Name        Object

    0x20000000   0x00000014   Data   RW           25    .data               system_stm32f10x.o
    0x20000014   0x00000014   Data   RW          318    .data               stm32f10x_rcc.o
    0x20000028   0x00000008   Data   RW          405    .data               main.o
    0x20000030   0x00000009   Data   RW          466    .data               hal_key.o
    0x20000039   0x00000003   PAD
    0x2000003c   0x00000004   Data   RW          529    .data               gizwits_product.o
    0x20000040   0x0000000c   Data   RW          559    .data               gizwits_protocol.o
    0x2000004c   0x00000004   Data   RW          867    .data               mc_w.l(stdout.o)


    Execution Region ER_ZI (Base: 0x20000050, Size: 0x00001110, Max: 0xffffffff, ABSOLUTE)

    Base Addr    Size         Type   Attr      Idx    E Section Name        Object

    0x20000050   0x00000037   Zero   RW          404    .bss                main.o
    0x20000087   0x000000d5   Zero   RW          557    .bss                gizwits_protocol.o
    0x2000015c   0x00000004   PAD
    0x20000160   0x00001000   Zero   RW            1    STACK               startup_stm32f10x_md.o


==============================================================================

Image component sizes


      Code (inc. data)   RO Data    RW Data    ZI Data      Debug   Object Name

         0          0          0          0          0       4272   core_cm3.o
      1060        242          0          4          0      24025   gizwits_product.o
      7788       2178         65         12        213      15717   gizwits_protocol.o
       868         32          0          9          0       4636   hal_key.o
       380         10          0          0          0       2162   hal_rgb_led.o
       452         20          0          0          0       1514   hal_uart.o
        60          6          0          0          0        744   hal_watchdog.o
       424        164          0          8         55       8858   main.o
       220         22          0          0          0       1941   misc.o
        36          8        236          0       4096        948   startup_stm32f10x_md.o
       860         38          0          0          0       5781   stm32f10x_gpio.o
       172          8          0          0          0       1765   stm32f10x_it.o
        64          6          0          0          0       1329   stm32f10x_iwdg.o
       932         36          0         20          0       9000   stm32f10x_rcc.o
       328          4          0          0          0       2730   stm32f10x_rtc.o
      3610         88          0          0          0      22272   stm32f10x_tim.o
      1032         22          0          0          0       8512   stm32f10x_usart.o
       480         38          0         20          0     249599   system_stm32f10x.o

    ----------------------------------------------------------------------
     18768       2922        336         76       4368     365805   Object Totals
         0          0         32          0          0          0   (incl. Generated)
         2          0          3          3          4          0   (incl. Padding)

    ----------------------------------------------------------------------

      Code (inc. data)   RO Data    RW Data    ZI Data      Debug   Library Member Name

         0          0          0          0          0          0   entry.o
         0          0          0          0          0          0   entry10a.o
         0          0          0          0          0          0   entry11a.o
         8          4          0          0          0          0   entry2.o
         4          0          0          0          0          0   entry5.o
         0          0          0          0          0          0   entry7b.o
         0          0          0          0          0          0   entry8b.o
         8          4          0          0          0          0   entry9a.o
        30          0          0          0          0          0   handlers.o
        36          8          0          0          0         68   init.o
         0          0          0          0          0          0   iusefp.o
        36          0          0          0          0         68   memcpya.o
        36          0          0          0          0        108   memseta.o
       866         14          0          0          0        352   printf6.o
         0          0          0          4          0          0   stdout.o
        44          0          0          0          0         80   uidiv.o
       176          0          0          0          0        140   fadd.o
       124          0          0          0          0         88   fdiv.o
       110          0          0          0          0        168   fepilogue.o
        40          0          0          0          0         68   ffixui.o
        10          0          0          0          0         68   ffltui.o
       100          0          0          0          0         76   fmul.o

    ----------------------------------------------------------------------
      1632         30          0          4          0       1284   Library Totals
         4          0          0          0          0          0   (incl. Padding)

    ----------------------------------------------------------------------

      Code (inc. data)   RO Data    RW Data    ZI Data      Debug   Library Name

      1068         30          0          4          0        676   mc_w.l
       560          0          0          0          0        608   mf_w.l

    ----------------------------------------------------------------------
      1632         30          0          4          0       1284   Library Totals

    ----------------------------------------------------------------------

==============================================================================


      Code (inc. data)   RO Data    RW Data    ZI Data      Debug   

     20400       2952        336         80       4368     364953   Grand Totals
     20400       2952        336         80       4368     364953   ELF Image Totals
     20400       2952        336         80          0          0   ROM Totals

==============================================================================

    Total RO  Size (Code + RO Data)                20736 (  20.25kB)
    Total RW  Size (RW Data + ZI Data)              4448 (   4.34kB)
    Total ROM Size (Code + RO Data + RW Data)      20816 (  20.33kB)

==============================================================================

